Component: ARM Compiler 5.06 update 6 (build 750) Tool: armlink [4d35ed]

==============================================================================

Section Cross References

    main.o(i._Z14Button_Runningv) refers to button.o(i._ZN3HAL11Button_ScanEv) for HAL::Button_Scan()
    main.o(i._Z19HAL_InterrputUpdatev) refers to button.o(i._ZN3HAL11Button_ScanEv) for HAL::Button_Scan()
    main.o(i._Z19HAL_InterrputUpdatev) refers to app_music.o(i._ZN3APP12Audio_UpdateEv) for APP::Audio_Update()
    main.o(i._Z4loopv) refers to display.o(i._ZN7Display7RunningEv) for Display::Running()
    main.o(i._Z5setupv) refers to sdfatfs.o(i._ZN3HAL12SDfatfs_InitEv) for HAL::SDfatfs_Init()
    main.o(i._Z5setupv) refers to button.o(i._ZN3HAL11Button_InitEv) for HAL::Button_Init()
    main.o(i._Z5setupv) refers to app_music.o(i._ZN3APP9Buzz_initEv) for APP::Buzz_init()
    main.o(i._Z5setupv) refers to app_music.o(i._ZN3APP10Audio_InitEv) for APP::Audio_Init()
    main.o(i._Z5setupv) refers to timer.o(i.Timer_SetInterrupt) for Timer_SetInterrupt
    main.o(i._Z5setupv) refers to stm32f4xx_tim.o(i.TIM_Cmd) for TIM_Cmd
    main.o(i._Z5setupv) refers to display.o(i._ZN7Display12Display_InitEv) for Display::Display_Init()
    main.o(i._Z5setupv) refers to app_music.o(i._ZN3APP15Audio_PlayMusicEPKc) for APP::Audio_PlayMusic(const char*)
    main.o(i._Z5setupv) refers to main.o(i._Z19HAL_InterrputUpdatev) for HAL_InterrputUpdate()
    main.o(i.__sti___8_main_cpp_0040b0e8) refers to millistaskmanager.o(i._ZN17MillisTaskManagerC1Eb) for MillisTaskManager::MillisTaskManager(bool)
    main.o(i.__sti___8_main_cpp_0040b0e8) refers to aeabi_atexit.o(.text) for __aeabi_atexit
    main.o(i.__sti___8_main_cpp_0040b0e8) refers to main.o(.bss) for .bss
    main.o(i.__sti___8_main_cpp_0040b0e8) refers to millistaskmanager.o(i._ZN17MillisTaskManagerD1Ev) for MillisTaskManager::~MillisTaskManager()
    main.o(i.main) refers to misc.o(i.NVIC_PriorityGroupConfig) for NVIC_PriorityGroupConfig
    main.o(i.main) refers to delay.o(i.Delay_Init) for Delay_Init
    main.o(i.main) refers to hardwareserial.o(i._ZN14HardwareSerial5beginEj) for HardwareSerial::begin(unsigned)
    main.o(i.main) refers to main.o(i._Z5setupv) for setup()
    main.o(i.main) refers to display.o(i._ZN7Display7RunningEv) for Display::Running()
    main.o(i.main) refers to hardwareserial.o(.bss) for Serial
    main.o(.ARM.exidx) refers to main.o(i._Z14Button_Runningv) for i._Z14Button_Runningv
    main.o(.ARM.exidx) refers to main.o(i._Z19HAL_InterrputUpdatev) for i._Z19HAL_InterrputUpdatev
    main.o(.ARM.exidx) refers to main.o(i._Z5setupv) for i._Z5setupv
    main.o(.ARM.exidx) refers to main.o(i._Z4loopv) for i._Z4loopv
    main.o(.ARM.exidx) refers to main.o(i.main) for i.main
    main.o(.ARM.exidx) refers to main.o(i.__sti___8_main_cpp_0040b0e8) for i.__sti___8_main_cpp_0040b0e8
    main.o(.init_array) refers to main.o(i.__sti___8_main_cpp_0040b0e8) for __sti___8_main_cpp_0040b0e8
    main.o(.init_array) refers to init_aeabi.o(.text) for __cpp_initialize__aeabi_
    millistaskmanager.o(i._ZN17MillisTaskManager11GetTimeCostEPFvvE) refers to millistaskmanager.o(i._ZN17MillisTaskManager4FindEPFvvE) for MillisTaskManager::Find(void(*)())
    millistaskmanager.o(i._ZN17MillisTaskManager12GetCPU_UsageEv) refers to delay.o(i.micros) for micros
    millistaskmanager.o(i._ZN17MillisTaskManager12GetCPU_UsageEv) refers to millistaskmanager.o(.data) for .data
    millistaskmanager.o(i._ZN17MillisTaskManager15SetIntervalTimeEPFvvEj) refers to millistaskmanager.o(i._ZN17MillisTaskManager4FindEPFvvE) for MillisTaskManager::Find(void(*)())
    millistaskmanager.o(i._ZN17MillisTaskManager6LogoutEPFvvE) refers to millistaskmanager.o(i._ZN17MillisTaskManager4FindEPFvvE) for MillisTaskManager::Find(void(*)())
    millistaskmanager.o(i._ZN17MillisTaskManager6LogoutEPFvvE) refers to millistaskmanager.o(i._ZN17MillisTaskManager7GetPrevEPNS_4TaskE) for MillisTaskManager::GetPrev(MillisTaskManager::Task*)
    millistaskmanager.o(i._ZN17MillisTaskManager6LogoutEPFvvE) refers to delete.o(i._ZdlPv) for operator delete (void*)
    millistaskmanager.o(i._ZN17MillisTaskManager7RunningEj) refers to millistaskmanager.o(i._ZN17MillisTaskManager12GetTickElapsEjj) for MillisTaskManager::GetTickElaps(unsigned, unsigned)
    millistaskmanager.o(i._ZN17MillisTaskManager7RunningEj) refers to delay.o(i.micros) for micros
    millistaskmanager.o(i._ZN17MillisTaskManager7RunningEj) refers to millistaskmanager.o(.data) for .data
    millistaskmanager.o(i._ZN17MillisTaskManager8RegisterEPFvvEjb) refers to millistaskmanager.o(i._ZN17MillisTaskManager4FindEPFvvE) for MillisTaskManager::Find(void(*)())
    millistaskmanager.o(i._ZN17MillisTaskManager8RegisterEPFvvEjb) refers to new.o(i._Znwj) for operator new(unsigned)
    millistaskmanager.o(i._ZN17MillisTaskManager8SetStateEPFvvEb) refers to millistaskmanager.o(i._ZN17MillisTaskManager4FindEPFvvE) for MillisTaskManager::Find(void(*)())
[...]
    Adafruit_ST7789::drawFastVLine(short, short, short, unsigned short) 0x08007b2b   Thumb Code    88  adafruit_st7789.o(i._ZN15Adafruit_ST778913drawFastVLineEssst)
    Adafruit_ST7789::setAddrWindow(short, short, short, short) 0x08007b83   Thumb Code   160  adafruit_st7789.o(i._ZN15Adafruit_ST778913setAddrWindowEssss)
    Adafruit_ST7789::drawFastRGBBitmap(short, short, unsigned short*, short, short) 0x08007c25   Thumb Code   116  adafruit_st7789.o(i._ZN15Adafruit_ST778917drawFastRGBBitmapEssPtss)
    Adafruit_ST7789::begin()                 0x08007c9d   Thumb Code   580  adafruit_st7789.o(i._ZN15Adafruit_ST77895beginEv)
    Adafruit_ST7789::spiWrite(unsigned char) 0x08007ee9   Thumb Code    44  adafruit_st7789.o(i._ZN15Adafruit_ST77898spiWriteEh)
    Adafruit_ST7789::drawPixel(short, short, unsigned short) 0x08007f15   Thumb Code    56  adafruit_st7789.o(i._ZN15Adafruit_ST77899drawPixelEsst)
    Adafruit_ST7789::setCursor(short, short) 0x08007f4d   Thumb Code    42  adafruit_st7789.o(i._ZN15Adafruit_ST77899setCursorEss)
    Adafruit_ST7789::writeData(unsigned char) 0x08007f79   Thumb Code    44  adafruit_st7789.o(i._ZN15Adafruit_ST77899writeDataEh)
    Adafruit_ST7789::Adafruit_ST7789(unsigned char, unsigned char, unsigned char) 0x08007fa9   Thumb Code    64  adafruit_st7789.o(i._ZN15Adafruit_ST7789C1Ehhh)
    Adafruit_ST7789::Adafruit_ST7789__sub_object(unsigned char, unsigned char, unsigned char) 0x08007fa9   Thumb Code     0  adafruit_st7789.o(i._ZN15Adafruit_ST7789C1Ehhh)
    MillisTaskManager::MillisTaskManager(bool) 0x08007ff1   Thumb Code    10  millistaskmanager.o(i._ZN17MillisTaskManagerC1Eb)
    MillisTaskManager::MillisTaskManager__sub_object(bool) 0x08007ff1   Thumb Code     0  millistaskmanager.o(i._ZN17MillisTaskManagerC1Eb)
    MillisTaskManager::~MillisTaskManager()  0x08007ffb   Thumb Code    22  millistaskmanager.o(i._ZN17MillisTaskManagerD1Ev)
    MillisTaskManager::~MillisTaskManager__sub_object() 0x08007ffb   Thumb Code     0  millistaskmanager.o(i._ZN17MillisTaskManagerD1Ev)
    APP::Audio_Init()                        0x08008011   Thumb Code     8  app_music.o(i._ZN3APP10Audio_InitEv)
    APP::File_Write(const char*, void*, unsigned) 0x08008021   Thumb Code    46  app_sdfatfs.o(i._ZN3APP10File_WriteEPKcPvj)
    APP::RamSendToSd(const char*, void*)     0x08008059   Thumb Code    42  app_sdfatfs.o(i._ZN3APP11RamSendToSdEPKcPv)
    APP::SdSendToRam(const char*, void*)     0x08008089   Thumb Code    42  app_sdfatfs.o(i._ZN3APP11SdSendToRamEPKcPv)
    APP::Audio_Update()                      0x080080b5   Thumb Code    18  app_music.o(i._ZN3APP12Audio_UpdateEv)
    APP::Buzz_SetEnable(bool)                0x080080cd   Thumb Code     6  app_music.o(i._ZN3APP14Buzz_SetEnableEb)
    APP::Audio_PlayMusic(const char*)        0x080080d9   Thumb Code    74  app_music.o(i._ZN3APP15Audio_PlayMusicEPKc)
    APP::Buzz_Tone(unsigned, int)            0x0800812d   Thumb Code    32  app_music.o(i._ZN3APP9Buzz_ToneEji)
    APP::Buzz_init()                         0x08008151   Thumb Code     8  app_music.o(i._ZN3APP9Buzz_initEv)
    APP::File_Read(const char*, unsigned char*, unsigned) 0x08008159   Thumb Code    46  app_sdfatfs.o(i._ZN3APP9File_ReadEPKcPhj)
    HAL::Button_Init()                       0x08008191   Thumb Code   112  button.o(i._ZN3HAL11Button_InitEv)
    HAL::Button_Scan()                       0x08008209   Thumb Code   174  button.o(i._ZN3HAL11Button_ScanEv)
    HAL::SDfatfs_Init()                      0x080082c1   Thumb Code    40  sdfatfs.o(i._ZN3HAL12SDfatfs_InitEv)
    Print::print(const char*)                0x080082f5   Thumb Code     6  print.o(i._ZN5Print5printEPKc)
    Print::print(char)                       0x080082fb   Thumb Code     6  print.o(i._ZN5Print5printEc)
    Print::write(const char*)                0x08008301   Thumb Code    32  print.o(i._ZN5Print5writeEPKc)
    Print::printf(const char*, ...)          0x08008321   Thumb Code    40  print.o(i._ZN5Print6printfEPKcz)
    Print::println(const char*)              0x08008349   Thumb Code    20  print.o(i._ZN5Print7printlnEPKc)
    Print::println()                         0x0800835d   Thumb Code    24  print.o(i._ZN5Print7printlnEv)
    Display::Adjust_light(bool, signed char, unsigned short) 0x08008375   Thumb Code    92  display.o(i._ZN7Display12Adjust_lightEbat)
    Display::Display_Init()                  0x080083d5   Thumb Code    80  display.o(i._ZN7Display12Display_InitEv)
    Display::Running()                       0x08008429   Thumb Code     6  display.o(i._ZN7Display7RunningEv)
    TwoWire::TwoWire(unsigned char, unsigned char, unsigned char) 0x08008435   Thumb Code    20  wire.o(i._ZN7TwoWireC1Ehhh)
    TwoWire::TwoWire__sub_object(unsigned char, unsigned char, unsigned char) 0x08008435   Thumb Code     0  wire.o(i._ZN7TwoWireC1Ehhh)
    TwoWire::~TwoWire()                      0x0800844d   Thumb Code    16  wire.o(i._ZN7TwoWireD1Ev)
    TwoWire::~TwoWire__sub_object()          0x0800844d   Thumb Code     0  wire.o(i._ZN7TwoWireD1Ev)
    SPIClass::SPI_Settings(SPI_TypeDef*, unsigned short, unsigned short, unsigned short, unsigned short, unsigned short, unsigned short) 0x08008461   Thumb Code   122  spi.o(i._ZN8SPIClass12SPI_SettingsEP11SPI_TypeDeftttttt)
    SPIClass::begin()                        0x080084dd   Thumb Code   292  spi.o(i._ZN8SPIClass5beginEv)
    SPIClass::setClock(unsigned)             0x08008619   Thumb Code    92  spi.o(i._ZN8SPIClass8setClockEj)
    SPIClass::transfer(unsigned char) const  0x08008675   Thumb Code    32  spi.o(i._ZNK8SPIClass8transferEh)
    operator delete[] (void*)                0x08008695   Thumb Code     8  array_del.o(i._ZdaPv)
    operator delete (void*)                  0x0800869d   Thumb Code     8  delete.o(i._ZdlPv)
    operator new[] (unsigned)                0x080086a5   Thumb Code     8  array_new.o(i._Znaj)
    operator new(unsigned)                   0x080086ad   Thumb Code    34  new.o(i._Znwj)
    __ARM_fpclassify                         0x080086d5   Thumb Code    48  fpclassify.o(i.__ARM_fpclassify)
    __cxa_pure_virtual                       0x08008705   Thumb Code     6  pure_virt.o(i.__cxa_pure_virtual)
    _is_digit                                0x0800886d   Thumb Code    14  __printf_wp.o(i._is_digit)
    ai_draw_init                             0x0800887d   Thumb Code   164  piclib.o(i.ai_draw_init)
    ai_load_picfile                          0x08008929   Thumb Code    66  piclib.o(i.ai_load_picfile)
    analogWrite                              0x08008971   Thumb Code    26  arduino.o(i.analogWrite)
    clust2sect                               0x08008a21   Thumb Code    24  ff.o(i.clust2sect)
    delay_ms                                 0x08008c09   Thumb Code    14  delay.o(i.delay_ms)
    digitalWrite                             0x08008c1d   Thumb Code    26  arduino.o(i.digitalWrite)
    dir_sdi                                  0x08008d9d   Thumb Code   126  ff.o(i.dir_sdi)
    disk_initialize                          0x08008e1d   Thumb Code    18  diskio.o(i.disk_initialize)
    disk_ioctl                               0x08008e35   Thumb Code    64  diskio.o(i.disk_ioctl)
    disk_read                                0x08008e79   Thumb Code    48  diskio.o(i.disk_read)
    disk_status                              0x08008ead   Thumb Code     4  diskio.o(i.disk_status)
    disk_write                               0x08008eb1   Thumb Code    48  diskio.o(i.disk_write)
    f_close                                  0x08008ee5   Thumb Code    28  ff.o(i.f_close)
    f_lseek                                  0x08008f01   Thumb Code   534  ff.o(i.f_lseek)
    f_mount                                  0x08009119   Thumb Code    72  ff.o(i.f_mount)
    f_open                                   0x08009165   Thumb Code   314  ff.o(i.f_open)
    f_read                                   0x0800929f   Thumb Code   338  ff.o(i.f_read)
    f_sync                                   0x080093f1   Thumb Code   152  ff.o(i.f_sync)
    f_write                                  0x08009489   Thumb Code   394  ff.o(i.f_write)
    get_fat                                  0x080098f7   Thumb Code   182  ff.o(i.get_fat)
    get_fattime                              0x080099ad   Thumb Code     4  diskio.o(i.get_fattime)
    is_element_ok                            0x080099ed   Thumb Code    32  piclib.o(i.is_element_ok)
    jd_decomp                                0x08009a11   Thumb Code   244  tjpgd.o(i.jd_decomp)
    jd_prepare                               0x08009b05   Thumb Code   724  tjpgd.o(i.jd_prepare)
    jpg_decode                               0x08009ddd   Thumb Code   164  tjpgd.o(i.jpg_decode)
    main                                     0x08009ead   Thumb Code    34  main.o(i.main)
    millis                                   0x08009ef5   Thumb Code     6  delay.o(i.millis)
    piclib_init                              0x08009f31   Thumb Code    52  piclib.o(i.piclib_init)
    pinMode                                  0x08009f7d   Thumb Code    84  arduino.o(i.pinMode)
    put_fat                                  0x08009fd5   Thumb Code   250  ff.o(i.put_fat)
    pwmWrite                                 0x0800a0d1   Thumb Code    52  pwm.o(i.pwmWrite)
    _get_lc_ctype                            0x0800a2a1   Thumb Code    44  lc_ctype_c.o(locale$$code)
    _get_lc_numeric                          0x0800a2cd   Thumb Code    44  lc_numeric_c.o(locale$$code)
    _fp_init                                 0x0800a2f9   Thumb Code    10  fpinit.o(x$fpl$fpinit)
    __fplib_config_fpu_vfp                   0x0800a301   Thumb Code     0  fpinit.o(x$fpl$fpinit)
    __fplib_config_pureend_doubles           0x0800a301   Thumb Code     0  fpinit.o(x$fpl$fpinit)
    _printf_fp_dec                           0x0800a303   Thumb Code     4  printf1.o(x$fpl$printf1)
    __I$use$fp                               0x0800a306   Number         0  usenofp.o(x$fpl$usenofp)
    PIN_MAP                                  0x0800bbec   Data        2816  gpio.o(.constdata)
    vtable for Adafruit_GFX                  0x0800c7c4   Data          84  adafruit_gfx.o(.constdata__ZTV12Adafruit_GFX)
    vtable for HardwareSerial                0x0800c818   Data          36  hardwareserial.o(.constdata__ZTV14HardwareSerial)
    vtable for Adafruit_ST7789               0x0800c83c   Data         104  adafruit_st7789.o(.constdata__ZTV15Adafruit_ST7789)
    vtable for TwoWire                       0x0800c8a4   Data          16  wire.o(.constdata__ZTV7TwoWire)
    Region$$Table$$Base                      0x0800ca24   Number         0  anon$$obj.o(Region$$Table)
    Region$$Table$$Limit                     0x0800ca44   Number         0  anon$$obj.o(Region$$Table)
    __ctype                                  0x0800ca51   Data           0  lc_ctype_c.o(locale$$data)
    SHT$$INIT_ARRAY$$Base                    0x0800cb70   Number         0  main.o(.init_array)
    SHT$$INIT_ARRAY$$Limit                   0x0800cb90   Number         0  init_aeabi.o(.init_array)
    f_jpeg                                   0x20000000   Data           4  tjpgd.o(.data)
    jpeg_dev                                 0x20000004   Data           4  tjpgd.o(.data)
    res                                      0x2000000c   Data           1  sdfatfs.o(.data)
    SD_PATH                                  0x20000010   Data           4  sdfatfs.o(.data)
    tempbuff                                 0x20000014   Data           4  sdfatfs.o(.data)
    APP::Byte_Read                           0x20000018   Data           4  app_sdfatfs.o(.data)
    APP::Byte_written                        0x2000001c   Data           4  app_sdfatfs.o(.data)
    Page_dat                                 0x20000021   Data           2  display.o(.data)
    Display::Light                           0x20000023   Data           1  display.o(.data)
    SystemCoreClock                          0x2000004c   Data           4  system_stm32f4xx.o(.data)
    AHBPrescTable                            0x20000050   Data          16  system_stm32f4xx.o(.data)
    picinfo                                  0x20000074   Data          40  piclib.o(.bss)
    pic_phy                                  0x2000009c   Data          20  piclib.o(.bss)
    tf_jpeg                                  0x200000b0   Data         552  tjpgd.o(.bss)
    tjpeg_dev                                0x200002d8   Data         124  tjpgd.o(.bss)
    jpg_buffer                               0x20000354   Data        4096  tjpgd.o(.bss)
    SDIO_DATA_BUFFER                         0x20001360   Data         512  sdfatfs.o(.bss)
    HAL::fs                                  0x20001560   Data         560  sdfatfs.o(.bss)
    HAL::SD                                  0x20001790   Data         200  sdfatfs.o(.bss)
    HAL::f                                   0x20001858   Data         552  sdfatfs.o(.bss)
    HAL::BTNUP                               0x20001a80   Data          32  button.o(.bss)
    HAL::BTNDOWN                             0x20001aa0   Data          32  button.o(.bss)
    HAL::BTNLEFT                             0x20001ac0   Data          32  button.o(.bss)
    HAL::BTNRIGHT                            0x20001ae0   Data          32  button.o(.bss)
    HAL::BTNSECL                             0x20001b00   Data          32  button.o(.bss)
    HAL::BTNEXIT                             0x20001b20   Data          32  button.o(.bss)
    Box                                      0x20001b54   Data         116  display.o(.bss)
    Display::lcd                             0x20001bc8   Data          64  display.o(.bss)
    Display::page                            0x20001c08   Data          20  display.o(.bss)
    Serial                                   0x20001c1c   Data         156  hardwareserial.o(.bss)
    Serial2                                  0x20001cb8   Data         156  hardwareserial.o(.bss)
    Serial3                                  0x20001d54   Data         156  hardwareserial.o(.bss)
    SPI                                      0x20001df0   Data          28  spi.o(.bss)
    SPI_2                                    0x20001e0c   Data          28  spi.o(.bss)
    SPI_3                                    0x20001e28   Data          28  spi.o(.bss)
    Wire                                     0x20001e44   Data          88  wire.o(.bss)
    __libspace_start                         0x20001f5c   Data          96  libspace.o(.bss)
    __temporary_stack_top$libspace           0x20001fbc   Data           0  libspace.o(.bss)



==============================================================================

Memory Map of the image

  Image Entry point : 0x08000189

  Load Region LR_IROM1 (Base: 0x08000000, Size: 0x0000cbf8, Max: 0x00100000, ABSOLUTE)

    Execution Region ER_IROM1 (Exec base: 0x08000000, Load base: 0x08000000, Size: 0x0000cb90, Max: 0x00100000, ABSOLUTE)

    Exec Addr    Load Addr    Size         Type   Attr      Idx    E Section Name        Object

    0x08000000   0x08000000   0x00000188   Data   RO        10388    RESET               startup_stm32f40_41xxx.o
    0x08000188   0x08000188   0x00000008   Code   RO        11126  * !!!main             c_w.l(__main.o)
    0x08000190   0x08000190   0x00000034   Code   RO        11854    !!!scatter          c_w.l(__scatter.o)
    0x080001c4   0x080001c4   0x0000001a   Code   RO        11856    !!handler_copy      c_w.l(__scatter_copy.o)
    0x080001de   0x080001de   0x00000002   PAD
    0x080001e0   0x080001e0   0x0000001c   Code   RO        11858    !!handler_zi        c_w.l(__scatter_zi.o)
    0x080001fc   0x080001fc   0x00000000   Code   RO        11084    .ARM.Collect$$_printf_percent$$00000000  c_w.l(_printf_percent.o)
    0x080001fc   0x080001fc   0x00000006   Code   RO        11418    .ARM.Collect$$_printf_percent$$00000001  c_w.l(_printf_n.o)
    0x08000202   0x08000202   0x00000006   Code   RO        11420    .ARM.Collect$$_printf_percent$$00000002  c_w.l(_printf_p.o)
    0x08000208   0x08000208   0x00000006   Code   RO        11080    .ARM.Collect$$_printf_percent$$00000003  c_w.l(_printf_f.o)
    0x0800020e   0x0800020e   0x00000006   Code   RO        11081    .ARM.Collect$$_printf_percent$$00000004  c_w.l(_printf_e.o)
    0x08000214   0x08000214   0x00000006   Code   RO        11082    .ARM.Collect$$_printf_percent$$00000005  c_w.l(_printf_g.o)
    0x0800021a   0x0800021a   0x00000006   Code   RO        11083    .ARM.Collect$$_printf_percent$$00000006  c_w.l(_printf_a.o)
    0x08000220   0x08000220   0x0000000a   Code   RO        11428    .ARM.Collect$$_printf_percent$$00000007  c_w.l(_printf_ll.o)
    0x0800022a   0x0800022a   0x00000006   Code   RO        11422    .ARM.Collect$$_printf_percent$$00000008  c_w.l(_printf_i.o)
    0x08000230   0x08000230   0x00000006   Code   RO        11079    .ARM.Collect$$_printf_percent$$00000009  c_w.l(_printf_d.o)
    0x08000236   0x08000236   0x00000006   Code   RO        11423    .ARM.Collect$$_printf_percent$$0000000A  c_w.l(_printf_u.o)
    0x0800023c   0x0800023c   0x00000006   Code   RO        11421    .ARM.Collect$$_printf_percent$$0000000B  c_w.l(_printf_o.o)
    0x08000242   0x08000242   0x00000006   Code   RO        11419    .ARM.Collect$$_printf_percent$$0000000C  c_w.l(_printf_x.o)
    0x08000248   0x08000248   0x00000006   Code   RO        11425    .ARM.Collect$$_printf_percent$$0000000D  c_w.l(_printf_lli.o)
    0x0800024e   0x0800024e   0x00000006   Code   RO        11426    .ARM.Collect$$_printf_percent$$0000000E  c_w.l(_printf_lld.o)
    0x08000254   0x08000254   0x00000006   Code   RO        11427    .ARM.Collect$$_printf_percent$$0000000F  c_w.l(_printf_llu.o)
    0x0800025a   0x0800025a   0x00000006   Code   RO        11432    .ARM.Collect$$_printf_percent$$00000010  c_w.l(_printf_llo.o)
    0x08000260   0x08000260   0x00000006   Code   RO        11433    .ARM.Collect$$_printf_percent$$00000011  c_w.l(_printf_llx.o)
    0x08000266   0x08000266   0x0000000a   Code   RO        11429    .ARM.Collect$$_printf_percent$$00000012  c_w.l(_printf_l.o)
    0x08000270   0x08000270   0x00000006   Code   RO        11416    .ARM.Collect$$_printf_percent$$00000013  c_w.l(_printf_c.o)
    0x08000276   0x08000276   0x00000006   Code   RO        11417    .ARM.Collect$$_printf_percent$$00000014  c_w.l(_printf_s.o)
    0x0800027c   0x0800027c   0x00000006   Code   RO        11430    .ARM.Collect$$_printf_percent$$00000015  c_w.l(_printf_lc.o)
    0x08000282   0x08000282   0x00000006   Code   RO        11431    .ARM.Collect$$_printf_percent$$00000016  c_w.l(_printf_ls.o)
    0x08000288   0x08000288   0x00000004   Code   RO        11424    .ARM.Collect$$_printf_percent$$00000017  c_w.l(_printf_percent_end.o)
    0x0800028c   0x0800028c   0x00000002   Code   RO        11727    .ARM.Collect$$libinit$$00000000  c_w.l(libinit.o)
    0x0800028e   0x0800028e   0x00000004   Code   RO        11454    .ARM.Collect$$libinit$$00000001  c_w.l(libinit2.o)
    0x08000292   0x08000292   0x00000000   Code   RO        11457    .ARM.Collect$$libinit$$00000004  c_w.l(libinit2.o)
    0x08000292   0x08000292   0x00000008   Code   RO        11458    .ARM.Collect$$libinit$$00000005  c_w.l(libinit2.o)
    0x0800029a   0x0800029a   0x00000000   Code   RO        11460    .ARM.Collect$$libinit$$0000000A  c_w.l(libinit2.o)
    0x0800029a   0x0800029a   0x00000000   Code   RO        11462    .ARM.Collect$$libinit$$0000000C  c_w.l(libinit2.o)
    0x0800029a   0x0800029a   0x00000000   Code   RO        11464    .ARM.Collect$$libinit$$0000000E  c_w.l(libinit2.o)
    0x0800029a   0x0800029a   0x00000006   Code   RO        11465    .ARM.Collect$$libinit$$0000000F  c_w.l(libinit2.o)
    0x080002a0   0x080002a0   0x00000000   Code   RO        11467    .ARM.Collect$$libinit$$00000011  c_w.l(libinit2.o)
    0x080002a0   0x080002a0   0x0000000c   Code   RO        11468    .ARM.Collect$$libinit$$00000012  c_w.l(libinit2.o)
    0x080002ac   0x080002ac   0x00000000   Code   RO        11469    .ARM.Collect$$libinit$$00000013  c_w.l(libinit2.o)
    0x080002ac   0x080002ac   0x00000000   Code   RO        11471    .ARM.Collect$$libinit$$00000015  c_w.l(libinit2.o)
    0x080002ac   0x080002ac   0x0000000a   Code   RO        11472    .ARM.Collect$$libinit$$00000016  c_w.l(libinit2.o)
    0x080002b6   0x080002b6   0x00000000   Code   RO        11473    .ARM.Collect$$libinit$$00000017  c_w.l(libinit2.o)
    0x080002b6   0x080002b6   0x00000000   Code   RO        11475    .ARM.Collect$$libinit$$00000019  c_w.l(libinit2.o)
    0x080002b6   0x080002b6   0x00000000   Code   RO        11477    .ARM.Collect$$libinit$$0000001B  c_w.l(libinit2.o)
    0x080002b6   0x080002b6   0x00000000   Code   RO        11479    .ARM.Collect$$libinit$$0000001D  c_w.l(libinit2.o)
    0x080002b6   0x080002b6   0x00000000   Code   RO        11481    .ARM.Collect$$libinit$$0000001F  c_w.l(libinit2.o)
    0x080002b6   0x080002b6   0x00000000   Code   RO        11483    .ARM.Collect$$libinit$$00000021  c_w.l(libinit2.o)
    0x080002b6   0x080002b6   0x00000000   Code   RO        11485    .ARM.Collect$$libinit$$00000023  c_w.l(libinit2.o)
    0x080002b6   0x080002b6   0x00000000   Code   RO        11487    .ARM.Collect$$libinit$$00000025  c_w.l(libinit2.o)
    0x080002b6   0x080002b6   0x00000000   Code   RO        11491    .ARM.Collect$$libinit$$0000002C  c_w.l(libinit2.o)
    0x080002b6   0x080002b6   0x00000000   Code   RO        11493    .ARM.Collect$$libinit$$0000002E  c_w.l(libinit2.o)
    0x080002b6   0x080002b6   0x00000000   Code   RO        11495    .ARM.Collect$$libinit$$00000030  c_w.l(libinit2.o)
    0x080002b6   0x080002b6   0x00000004   Code   RO        11496    .ARM.Collect$$libinit$$00000031  c_w.l(libinit2.o)
    0x080002ba   0x080002ba   0x00000000   Code   RO        11497    .ARM.Collect$$libinit$$00000032  c_w.l(libinit2.o)
    0x080002ba   0x080002ba   0x00000002   Code   RO        11498    .ARM.Collect$$libinit$$00000033  c_w.l(libinit2.o)
    0x080002bc   0x080002bc   0x00000002   Code   RO        11812    .ARM.Collect$$libshutdown$$00000000  c_w.l(libshutdown.o)
    0x080002be   0x080002be   0x00000006   Code   RO        11633    .ARM.Collect$$libshutdown$$00000001  c_w.l(libshutdown2.o)
    0x080002c4   0x080002c4   0x00000000   Code   RO        11634    .ARM.Collect$$libshutdown$$00000002  c_w.l(libshutdown2.o)
    0x080002c4   0x080002c4   0x00000000   Code   RO        11636    .ARM.Collect$$libshutdown$$00000004  c_w.l(libshutdown2.o)
    0x080002c4   0x080002c4   0x00000000   Code   RO        11639    .ARM.Collect$$libshutdown$$00000007  c_w.l(libshutdown2.o)
    0x080002c4   0x080002c4   0x00000000   Code   RO        11642    .ARM.Collect$$libshutdown$$0000000A  c_w.l(libshutdown2.o)
    0x080002c4   0x080002c4   0x00000000   Code   RO        11644    .ARM.Collect$$libshutdown$$0000000C  c_w.l(libshutdown2.o)
    0x080002c4   0x080002c4   0x00000000   Code   RO        11647    .ARM.Collect$$libshutdown$$0000000F  c_w.l(libshutdown2.o)
    0x080002c4   0x080002c4   0x00000002   Code   RO        11648    .ARM.Collect$$libshutdown$$00000010  c_w.l(libshutdown2.o)
    0x080002c6   0x080002c6   0x00000000   Code   RO        11313    .ARM.Collect$$rtentry$$00000000  c_w.l(__rtentry.o)
    0x080002c6   0x080002c6   0x00000000   Code   RO        11548    .ARM.Collect$$rtentry$$00000002  c_w.l(__rtentry2.o)
    0x080002c6   0x080002c6   0x00000006   Code   RO        11560    .ARM.Collect$$rtentry$$00000004  c_w.l(__rtentry4.o)
    0x080002cc   0x080002cc   0x00000000   Code   RO        11550    .ARM.Collect$$rtentry$$00000009  c_w.l(__rtentry2.o)
    0x080002cc   0x080002cc   0x00000004   Code   RO        11551    .ARM.Collect$$rtentry$$0000000A  c_w.l(__rtentry2.o)
    0x080002d0   0x080002d0   0x00000000   Code   RO        11553    .ARM.Collect$$rtentry$$0000000C  c_w.l(__rtentry2.o)
    0x080002d0   0x080002d0   0x00000008   Code   RO        11554    .ARM.Collect$$rtentry$$0000000D  c_w.l(__rtentry2.o)
    0x080002d8   0x080002d8   0x00000002   Code   RO        11743    .ARM.Collect$$rtexit$$00000000  c_w.l(rtexit.o)
    0x080002da   0x080002da   0x00000000   Code   RO        11778    .ARM.Collect$$rtexit$$00000002  c_w.l(rtexit2.o)
    0x080002da   0x080002da   0x00000004   Code   RO        11779    .ARM.Collect$$rtexit$$00000003  c_w.l(rtexit2.o)
    0x080002de   0x080002de   0x00000006   Code   RO        11780    .ARM.Collect$$rtexit$$00000004  c_w.l(rtexit2.o)
    0x080002e4   0x080002e4   0x00000008   Code   RO         2374    .emb_text           sdfatfs.o
    0x080002ec   0x080002ec   0x00000000   Code   RO        11568    .emb_text           c_w.l(maybetermalloc1.o)
    0x080002ec   0x080002ec   0x00000040   Code   RO        10389    .text               startup_stm32f40_41xxx.o
    0x0800032c   0x0800032c   0x00000010   Code   RO        10969    .text               c_w.l(rt_ctype_table.o)
    0x0800033c   0x0800033c   0x0000005e   Code   RO        10977    .text               c_w.l(h1_alloc.o)
    0x0800039a   0x0800039a   0x0000004e   Code   RO        10979    .text               c_w.l(h1_free.o)
    0x080003e8   0x080003e8   0x000000ee   Code   RO        11039    .text               c_w.l(lludivv7m.o)
    0x080004d6   0x080004d6   0x00000048   Code   RO        11041    .text               c_w.l(llsdiv.o)
    0x0800051e   0x0800051e   0x00000002   PAD
    0x08000520   0x08000520   0x00000034   Code   RO        11047    .text               c_w.l(c89vsnprintf.o)
    0x08000554   0x08000554   0x0000002c   Code   RO        11049    .text               c_w.l(__2sprintf.o)
    0x08000580   0x08000580   0x0000004e   Code   RO        11055    .text               c_w.l(_printf_pad.o)
    0x080005ce   0x080005ce   0x00000002   PAD
    0x080005d0   0x080005d0   0x00000078   Code   RO        11057    .text               c_w.l(_printf_dec.o)
    0x08000648   0x08000648   0x00000188   Code   RO        11076    .text               c_w.l(__printf_flags_ss_wp.o)
    0x080007d0   0x080007d0   0x0000002e   Code   RO        11095    .text               c_w.l(aeabi_atexit.o)
    0x080007fe   0x080007fe   0x0000008a   Code   RO        11110    .text               c_w.l(rt_memcpy_v6.o)
    0x08000888   0x08000888   0x0000004e   Code   RO        11118    .text               c_w.l(rt_memclr_w.o)
    0x080008d6   0x080008d6   0x00000002   PAD
    0x080008d8   0x080008d8   0x00000080   Code   RO        11122    .text               c_w.l(strcmpv7m.o)
    0x08000958   0x08000958   0x00000006   Code   RO        11124    .text               c_w.l(heapauxi.o)
    0x0800095e   0x0800095e   0x00000002   PAD
    0x08000960   0x08000960   0x00000024   Code   RO        11131    .text               c_w.l(init_aeabi.o)
    0x08000984   0x08000984   0x00000008   Code   RO        11321    .text               c_w.l(rt_heap_descriptor_intlibspace.o)
    0x0800098c   0x0800098c   0x00000008   Code   RO        11326    .text               c_w.l(rt_locale_intlibspace.o)
    0x08000994   0x08000994   0x00000008   Code   RO        11331    .text               c_w.l(rt_new_handler_addr_intlibspace.o)
    0x0800099c   0x0800099c   0x00000008   Code   RO        11336    .text               c_w.l(rt_ddtor_pointer_addr_intlibspace.o)
    0x080009a4   0x080009a4   0x00000004   Code   RO        11343    .text               c_w.l(hguard.o)
    0x080009a8   0x080009a8   0x0000008a   Code   RO        11345    .text               c_w.l(init_alloc.o)
    0x08000a32   0x08000a32   0x0000000e   Code   RO        11349    .text               c_w.l(h1_init.o)
    0x08000a40   0x08000a40   0x00000024   Code   RO        11365    .text               c_w.l(_printf_truncate.o)
    0x08000a64   0x08000a64   0x00000052   Code   RO        11367    .text               c_w.l(_printf_str.o)
    0x08000ab6   0x08000ab6   0x000000b2   Code   RO        11369    .text               c_w.l(_printf_intcommon.o)
    0x08000b68   0x08000b68   0x00000028   Code   RO        11371    .text               c_w.l(_printf_charcount.o)
    0x08000b90   0x08000b90   0x0000041e   Code   RO        11373    .text               c_w.l(_printf_fp_dec.o)
    0x08000fae   0x08000fae   0x00000002   PAD
    0x08000fb0   0x08000fb0   0x00000030   Code   RO        11378    .text               c_w.l(_printf_char_common.o)
    0x08000fe0   0x08000fe0   0x0000000a   Code   RO        11380    .text               c_w.l(_sputc.o)
    0x08000fea   0x08000fea   0x00000010   Code   RO        11382    .text               c_w.l(_snputc.o)
    0x08000ffa   0x08000ffa   0x00000002   PAD
    0x08000ffc   0x08000ffc   0x000000bc   Code   RO        11384    .text               c_w.l(_printf_wctomb.o)
    0x080010b8   0x080010b8   0x0000007c   Code   RO        11387    .text               c_w.l(_printf_longlong_dec.o)
    0x08001134   0x08001134   0x00000070   Code   RO        11393    .text               c_w.l(_printf_oct_int_ll.o)
    0x080011a4   0x080011a4   0x00000094   Code   RO        11413    .text               c_w.l(_printf_hex_int_ll_ptr.o)
    0x08001238   0x08001238   0x00000042   Code   RO        11441    .text               c_w.l(cxa_finalize.o)
    0x0800127a   0x0800127a   0x0000000e   Code   RO        11444    .text               c_w.l(defsig_pvfn_outer.o)
    0x08001288   0x08001288   0x00000064   Code   RO        11448    .text               c_w.l(rt_memcpy_w.o)
    0x080012ec   0x080012ec   0x00000004   Code   RO        11502    .text               cpprt_w.l(arm_newhandler_noexceptions.o)
    0x080012f0   0x080012f0   0x00000008   Code   RO        11544    .text               c_w.l(libspace.o)
    0x080012f8   0x080012f8   0x00000034   Code   RO        11570    .text               c_w.l(h1_extend.o)
    0x0800132c   0x0800132c   0x0000008a   Code   RO        11574    .text               c_w.l(lludiv10.o)
    0x080013b6   0x080013b6   0x00000002   PAD
    0x080013b8   0x080013b8   0x00000080   Code   RO        11578    .text               c_w.l(_printf_fp_infnan.o)
    0x08001438   0x08001438   0x0000002c   Code   RO        11582    .text               c_w.l(_printf_char.o)
    0x08001464   0x08001464   0x0000002c   Code   RO        11584    .text               c_w.l(_printf_wchar.o)
    0x08001490   0x08001490   0x000000e4   Code   RO        11590    .text               c_w.l(bigflt0.o)
    0x08001574   0x08001574   0x00000040   Code   RO        11615    .text               c_w.l(_wcrtomb.o)
    0x080015b4   0x080015b4   0x0000000a   Code   RO        11620    .text               c_w.l(defsig_exit.o)
    0x080015be   0x080015be   0x0000000e   Code   RO        11622    .text               c_w.l(defsig_rtmem_outer.o)
    0x080015cc   0x080015cc   0x00000030   Code   RO        11626    .text               c_w.l(defsig_pvfn_inner.o)
    0x080015fc   0x080015fc   0x0000001a   Code   RO        11665    .text               cpprt_w.l(arm_exceptions_terminate.o)
    0x08001616   0x08001616   0x00000002   PAD
    0x08001618   0x08001618   0x00000050   Code   RO        11672    .text               cpprt_w.l(arm_exceptions_globs.o)
    0x08001668   0x08001668   0x0000000c   Code   RO        11686    .text               c_w.l(sys_exit.o)
    0x08001674   0x08001674   0x00000002   Code   RO        11688    .text               c_w.l(use_no_semi.o)
    0x08001676   0x08001676   0x00000000   Code   RO        11690    .text               c_w.l(indicate_semi.o)
    0x08001676   0x08001676   0x0000004a   Code   RO        11691    .text               c_w.l(sys_stackheap_outer.o)
    0x080016c0   0x080016c0   0x00000008   Code   RO        11696    .text               c_w.l(rt_eh_globals_addr_intlibspace.o)
    0x080016c8   0x080016c8   0x00000012   Code   RO        11704    .text               c_w.l(exit.o)
    0x080016da   0x080016da   0x00000016   Code   RO        11706    .text               c_w.l(abort.o)
    0x080016f0   0x080016f0   0x00000032   Code   RO        11710    .text               c_w.l(defsig_general.o)
    0x08001722   0x08001722   0x00000002   PAD
    0x08001724   0x08001724   0x00000050   Code   RO        11716    .text               c_w.l(defsig_rtmem_inner.o)
    0x08001774   0x08001774   0x0000003c   Code   RO        11731    .text               cpprt_w.l(arm_exceptions_mem.o)
    0x080017b0   0x080017b0   0x0000000e   Code   RO        11741    .text               c_w.l(sys_wrch.o)
    0x080017be   0x080017be   0x0000000e   Code   RO        11751    .text               c_w.l(defsig_abrt_outer.o)
    0x080017cc   0x080017cc   0x00000030   Code   RO        11788    .text               c_w.l(defsig_abrt_inner.o)
    0x080017fc   0x080017fc   0x0000003e   Code   RO        11593    CL$$btod_d2e        c_w.l(btod.o)
    0x0800183a   0x0800183a   0x00000046   Code   RO        11595    CL$$btod_d2e_denorm_low  c_w.l(btod.o)
    0x08001880   0x08001880   0x00000060   Code   RO        11594    CL$$btod_d2e_norm_op1  c_w.l(btod.o)
    0x080018e0   0x080018e0   0x00000338   Code   RO        11603    CL$$btod_div_common  c_w.l(btod.o)
    0x08001c18   0x08001c18   0x000000dc   Code   RO        11600    CL$$btod_e2e        c_w.l(btod.o)
    0x08001cf4   0x08001cf4   0x0000002a   Code   RO        11597    CL$$btod_ediv       c_w.l(btod.o)
    0x08001d1e   0x08001d1e   0x0000002a   Code   RO        11596    CL$$btod_emul       c_w.l(btod.o)
    0x08001d48   0x08001d48   0x00000244   Code   RO        11602    CL$$btod_mult_common  c_w.l(btod.o)
    0x08001f8c   0x08001f8c   0x000000a4   Code   RO        10440    i.ADC_DMA_Register  adc.o
    0x08002030   0x08002030   0x00000030   Code   RO        10441    i.ADC_DMA_SearchChannel  adc.o
    0x08002060   0x08002060   0x00000014   Code   RO         6495    i.DMA_Cmd           stm32f4xx_dma.o
    0x08002074   0x08002074   0x00000124   Code   RO         6496    i.DMA_DeInit        stm32f4xx_dma.o
    0x08002198   0x08002198   0x00000014   Code   RO         6499    i.DMA_FlowControllerConfig  stm32f4xx_dma.o
    0x080021ac   0x080021ac   0x0000000e   Code   RO         6500    i.DMA_GetCmdStatus  stm32f4xx_dma.o
    0x080021ba   0x080021ba   0x00000002   PAD
    0x080021bc   0x080021bc   0x00000054   Code   RO         6507    i.DMA_Init          stm32f4xx_dma.o
    0x08002210   0x08002210   0x00000044   Code   RO        10501    i.Delay_Init        delay.o
    0x08002254   0x08002254   0x00000024   Code   RO        10569    i.EXTI0_IRQHandler  exti.o
    0x08002278   0x08002278   0x000000a0   Code   RO        10570    i.EXTI15_10_IRQHandler  exti.o
    0x08002318   0x08002318   0x00000024   Code   RO        10571    i.EXTI1_IRQHandler  exti.o
    0x0800233c   0x0800233c   0x00000024   Code   RO        10572    i.EXTI2_IRQHandler  exti.o
    0x08002360   0x08002360   0x00000024   Code   RO        10573    i.EXTI3_IRQHandler  exti.o
    0x08002384   0x08002384   0x00000024   Code   RO        10574    i.EXTI4_IRQHandler  exti.o
    0x080023a8   0x080023a8   0x0000007c   Code   RO        10575    i.EXTI9_5_IRQHandler  exti.o
    0x08002424   0x08002424   0x0000000c   Code   RO         6782    i.EXTI_ClearITPendingBit  stm32f4xx_exti.o
    0x08002430   0x08002430   0x00000014   Code   RO         6786    i.EXTI_GetITStatus  stm32f4xx_exti.o
    0x08002444   0x08002444   0x00000010   Code   RO        10708    i.GPIO_GetPinNum    gpio.o
    0x08002454   0x08002454   0x00000012   Code   RO        10709    i.GPIO_GetPinSource  gpio.o
    0x08002466   0x08002466   0x000000a2   Code   RO         7274    i.GPIO_Init         stm32f4xx_gpio.o
    0x08002508   0x08002508   0x00000020   Code   RO         7275    i.GPIO_PinAFConfig  stm32f4xx_gpio.o
    0x08002528   0x08002528   0x000000fc   Code   RO        10711    i.GPIOx_Init        gpio.o
    0x08002624   0x08002624   0x00000064   Code   RO         5420    i.NVIC_Init         misc.o
    0x08002688   0x08002688   0x00000014   Code   RO         5421    i.NVIC_PriorityGroupConfig  misc.o
    0x0800269c   0x0800269c   0x00000020   Code   RO        10502    i.NVIC_SetPriority  delay.o
    0x080026bc   0x080026bc   0x000000bc   Code   RO        10756    i.PWM_Init          pwm.o
    0x08002778   0x08002778   0x00000018   Code   RO         8200    i.RCC_AHB1PeriphClockCmd  stm32f4xx_rcc.o
    0x08002790   0x08002790   0x00000018   Code   RO         8209    i.RCC_APB1PeriphClockCmd  stm32f4xx_rcc.o
    0x080027a8   0x080027a8   0x00000018   Code   RO         8211    i.RCC_APB1PeriphResetCmd  stm32f4xx_rcc.o
    0x080027c0   0x080027c0   0x00000018   Code   RO         8212    i.RCC_APB2PeriphClockCmd  stm32f4xx_rcc.o
    0x080027d8   0x080027d8   0x00000018   Code   RO         8214    i.RCC_APB2PeriphResetCmd  stm32f4xx_rcc.o
    0x080027f0   0x080027f0   0x00000090   Code   RO         8221    i.RCC_GetClocksFreq  stm32f4xx_rcc.o
    0x08002880   0x08002880   0x0000000c   Code   RO         9134    i.SDIO_ClearFlag    stm32f4xx_sdio.o
    0x0800288c   0x0800288c   0x00000030   Code   RO         9140    i.SDIO_DataConfig   stm32f4xx_sdio.o
    0x080028bc   0x080028bc   0x00000014   Code   RO         9146    i.SDIO_GetFlagStatus  stm32f4xx_sdio.o
    0x080028d0   0x080028d0   0x00000010   Code   RO         9148    i.SDIO_GetPowerState  stm32f4xx_sdio.o
    0x080028e0   0x080028e0   0x0000000c   Code   RO         2375    i.SDIO_IRQHandler   sdfatfs.o
    0x080028ec   0x080028ec   0x0000002c   Code   RO         9151    i.SDIO_Init         stm32f4xx_sdio.o
    0x08002918   0x08002918   0x00000028   Code   RO         9154    i.SDIO_SendCommand  stm32f4xx_sdio.o
    0x08002940   0x08002940   0x0000000c   Code   RO         9156    i.SDIO_SetPowerState  stm32f4xx_sdio.o
    0x0800294c   0x0800294c   0x00000014   Code   RO         9358    i.SPI_Cmd           stm32f4xx_spi.o
    0x08002960   0x08002960   0x00000038   Code   RO         9371    i.SPI_Init          stm32f4xx_spi.o
    0x08002998   0x08002998   0x000000b4   Code   RO        10396    i.SetSysClock       system_stm32f4xx.o
    0x08002a4c   0x08002a4c   0x00000010   Code   RO        10503    i.SysTick_Handler   delay.o
    0x08002a5c   0x08002a5c   0x00000078   Code   RO        10397    i.SystemCoreClockUpdate  system_stm32f4xx.o
    0x08002ad4   0x08002ad4   0x0000005c   Code   RO        10398    i.SystemInit        system_stm32f4xx.o
    0x08002b30   0x08002b30   0x0000004c   Code   RO        10856    i.TIM1_UP_TIM10_IRQHandler  timer.o
    0x08002b7c   0x08002b7c   0x0000002c   Code   RO        10857    i.TIM2_IRQHandler   timer.o
    0x08002ba8   0x08002ba8   0x00000030   Code   RO        10858    i.TIM3_IRQHandler   timer.o
    0x08002bd8   0x08002bd8   0x00000030   Code   RO        10859    i.TIM4_IRQHandler   timer.o
    0x08002c08   0x08002c08   0x00000030   Code   RO        10860    i.TIM5_IRQHandler   timer.o
    0x08002c38   0x08002c38   0x00000030   Code   RO        10861    i.TIM6_DAC_IRQHandler  timer.o
    0x08002c68   0x08002c68   0x00000030   Code   RO        10862    i.TIM7_IRQHandler   timer.o
    0x08002c98   0x08002c98   0x0000004c   Code   RO        10863    i.TIM8_UP_TIM13_IRQHandler  timer.o
    0x08002ce4   0x08002ce4   0x00000006   Code   RO         9588    i.TIM_ClearFlag     stm32f4xx_tim.o
    0x08002cea   0x08002cea   0x00000006   Code   RO         9589    i.TIM_ClearITPendingBit  stm32f4xx_tim.o
    0x08002cf0   0x08002cf0   0x00000014   Code   RO         9594    i.TIM_Cmd           stm32f4xx_tim.o
    0x08002d04   0x08002d04   0x00000016   Code   RO         9596    i.TIM_CtrlPWMOutputs  stm32f4xx_tim.o
    0x08002d1a   0x08002d1a   0x00000002   PAD
    0x08002d1c   0x08002d1c   0x00000150   Code   RO         9599    i.TIM_DeInit        stm32f4xx_tim.o
    0x08002e6c   0x08002e6c   0x00000100   Code   RO        10757    i.TIM_GetGPIO_AF    pwm.o
    0x08002f6c   0x08002f6c   0x00000018   Code   RO         9615    i.TIM_GetITStatus   stm32f4xx_tim.o
    0x08002f84   0x08002f84   0x00000010   Code   RO         9619    i.TIM_ITConfig      stm32f4xx_tim.o
    0x08002f94   0x08002f94   0x00000060   Code   RO         9623    i.TIM_OC1Init       stm32f4xx_tim.o
    0x08002ff4   0x08002ff4   0x0000000c   Code   RO         9626    i.TIM_OC1PreloadConfig  stm32f4xx_tim.o
    0x08003000   0x08003000   0x00000080   Code   RO         9628    i.TIM_OC2Init       stm32f4xx_tim.o
    0x08003080   0x08003080   0x00000014   Code   RO         9631    i.TIM_OC2PreloadConfig  stm32f4xx_tim.o
    0x08003094   0x08003094   0x0000007c   Code   RO         9633    i.TIM_OC3Init       stm32f4xx_tim.o
    0x08003110   0x08003110   0x0000000c   Code   RO         9636    i.TIM_OC3PreloadConfig  stm32f4xx_tim.o
    0x0800311c   0x0800311c   0x00000060   Code   RO         9638    i.TIM_OC4Init       stm32f4xx_tim.o
    0x0800317c   0x0800317c   0x00000014   Code   RO         9640    i.TIM_OC4PreloadConfig  stm32f4xx_tim.o
    0x08003190   0x08003190   0x00000006   Code   RO         9643    i.TIM_PrescalerConfig  stm32f4xx_tim.o
    0x08003196   0x08003196   0x00000004   Code   RO         9654    i.TIM_SetAutoreload  stm32f4xx_tim.o
    0x0800319a   0x0800319a   0x00000002   PAD
    0x0800319c   0x0800319c   0x0000007c   Code   RO         9666    i.TIM_TimeBaseInit  stm32f4xx_tim.o
    0x08003218   0x08003218   0x00000150   Code   RO        10758    i.TIMx_OCxInit      pwm.o
    0x08003368   0x08003368   0x000000cc   Code   RO        10864    i.Timer_ClockCmd    timer.o
    0x08003434   0x08003434   0x000000dc   Code   RO        10867    i.Timer_SetInterrupt  timer.o
    0x08003510   0x08003510   0x0000015c   Code   RO        10868    i.Timer_SetInterruptBase  timer.o
    0x0800366c   0x0800366c   0x000000d8   Code   RO        10870    i.Timer_SetInterruptTimeUpdate  timer.o
    0x08003744   0x08003744   0x00000040   Code   RO        10871    i.Timer_TimeToArrPsc  timer.o
    0x08003784   0x08003784   0x0000000c   Code   RO         3713    i.USART1_IRQHandler  hardwareserial.o
    0x08003790   0x08003790   0x0000000c   Code   RO         3714    i.USART2_IRQHandler  hardwareserial.o
    0x0800379c   0x0800379c   0x0000000c   Code   RO         3715    i.USART3_IRQHandler  hardwareserial.o
    0x080037a8   0x080037a8   0x0000000c   Code   RO        10132    i.USART_ClearITPendingBit  stm32f4xx_usart.o
    0x080037b4   0x080037b4   0x00000014   Code   RO        10135    i.USART_Cmd         stm32f4xx_usart.o
    0x080037c8   0x080037c8   0x0000000e   Code   RO        10138    i.USART_GetFlagStatus  stm32f4xx_usart.o
    0x080037d6   0x080037d6   0x0000003e   Code   RO        10139    i.USART_GetITStatus  stm32f4xx_usart.o
    0x08003814   0x08003814   0x00000030   Code   RO        10141    i.USART_ITConfig    stm32f4xx_usart.o
    0x08003844   0x08003844   0x000000ac   Code   RO        10142    i.USART_Init        stm32f4xx_usart.o
    0x080038f0   0x080038f0   0x00000008   Code   RO        10149    i.USART_ReceiveData  stm32f4xx_usart.o
    0x080038f8   0x080038f8   0x00000008   Code   RO        10152    i.USART_SendData    stm32f4xx_usart.o
    0x08003900   0x08003900   0x000001d0   Code   RO         3297    i._Z10Backgroundv   page_about.o
    0x08003ad0   0x08003ad0   0x0000006c   Code   RO         3046    i._Z10Create_BariiittPKc  page_displate.o
    0x08003b3c   0x08003b3c   0x0000001c   Code   RO          949    i._Z10alloc_poolP4JDECj  tjpgd.o
    0x08003b58   0x08003b58   0x000001e8   Code   RO          950    i._Z10block_idctPlPh  tjpgd.o
    0x08003d40   0x08003d40   0x00000318   Code   RO          951    i._Z10mcu_outputP4JDECPFjS0_PvP5JRECTEjj  tjpgd.o
    0x08004058   0x08004058   0x00000024   Code   RO          763    i._Z11piclib_Fillttttt  piclib.o
    0x0800407c   0x0800407c   0x00000024   Code   RO          952    i._Z12jpeg_in_funcP4JDECPhj  tjpgd.o
    0x080040a0   0x080040a0   0x0000002c   Code   RO         3177    i._Z13Create_Optionv  page_master.o
    0x080040cc   0x080040cc   0x00000030   Code   RO         3237    i._Z13Create_Optionv  page_level.o
    0x080040fc   0x080040fc   0x00000004   Code   RO          764    i._Z13LCD_ReadPointtt  piclib.o
    0x08004100   0x08004100   0x00000008   Code   RO         2802    i._Z13Tone_Callbackjt  app_music.o
    0x08004108   0x08004108   0x00000048   Code   RO         3178    i._Z13Update_Optionb  page_master.o
    0x08004150   0x08004150   0x00000084   Code   RO         3238    i._Z13Update_Optionh  page_level.o
    0x080041d4   0x080041d4   0x00000010   Code   RO         2651    i._Z15Button_CallBackP11ButtonEventi  button.o
    0x080041e4   0x080041e4   0x0000002c   Code   RO         3358    i._Z17PageRegister_Gameh  page_game.o
    0x08004210   0x08004210   0x00000010   Code   RO          765    i._Z17piclib_Draw_Pointttt  piclib.o
    0x08004220   0x08004220   0x00000018   Code   RO          766    i._Z17piclib_draw_hlinetttt  piclib.o
    0x08004238   0x08004238   0x00000020   Code   RO          767    i._Z17piclib_fill_colorttttPt  piclib.o
    0x08004258   0x08004258   0x0000003c   Code   RO         4563    i._Z17tone_TimerHandlerv  tone.o
    0x08004294   0x08004294   0x00000028   Code   RO         3298    i._Z18PageRegister_Abouth  page_about.o
    0x080042bc   0x080042bc   0x00000028   Code   RO         3239    i._Z18PageRegister_Levelh  page_level.o
    0x080042e4   0x080042e4   0x000000cc   Code   RO          953    i._Z18create_huffman_tblP4JDECPKhj  tjpgd.o
    0x080043b0   0x080043b0   0x0000003c   Code   RO          954    i._Z18jpeg_out_func_fillP4JDECPvP5JRECT  tjpgd.o
    0x080043ec   0x080043ec   0x0000000e   Code   RO            5    i._Z19HAL_InterrputUpdatev  main.o
    0x080043fa   0x080043fa   0x00000002   PAD
    0x080043fc   0x080043fc   0x00000028   Code   RO         3179    i._Z19PageRegister_Masterh  page_master.o
    0x08004424   0x08004424   0x000000a8   Code   RO          955    i._Z19jpeg_out_func_pointP4JDECPvP5JRECT  tjpgd.o
    0x080044cc   0x080044cc   0x00000028   Code   RO         3047    i._Z21PageRegister_Displateh  page_displate.o
    0x080044f4   0x080044f4   0x0000001c   Code   RO         3048    i._Z4Exitv          page_displate.o
    0x08004510   0x08004510   0x0000001c   Code   RO         3180    i._Z4Exitv          page_master.o
    0x0800452c   0x0800452c   0x0000001c   Code   RO         3240    i._Z4Exitv          page_level.o
    0x08004548   0x08004548   0x0000001c   Code   RO         3299    i._Z4Exitv          page_about.o
    0x08004564   0x08004564   0x0000001c   Code   RO         3359    i._Z4Exitv          page_game.o
    0x08004580   0x08004580   0x000000bc   Code   RO         3360    i._Z4Loopv          page_game.o
    0x0800463c   0x0800463c   0x000000ac   Code   RO         4565    i._Z4tonehj         tone.o
    0x080046e8   0x080046e8   0x00000034   Code   RO         4566    i._Z4tonehjj        tone.o
    0x0800471c   0x0800471c   0x00000038   Code   RO         3049    i._Z5EventPvi       page_displate.o
    0x08004754   0x08004754   0x00000100   Code   RO         3181    i._Z5EventPvi       page_master.o
    0x08004854   0x08004854   0x000000f0   Code   RO         3241    i._Z5EventPvi       page_level.o
    0x08004944   0x08004944   0x00000134   Code   RO         3300    i._Z5EventPvi       page_about.o
    0x08004a78   0x08004a78   0x000001b0   Code   RO         3361    i._Z5EventPvi       page_game.o
    0x08004c28   0x08004c28   0x00000070   Code   RO         3050    i._Z5Setupv         page_displate.o
    0x08004c98   0x08004c98   0x00000044   Code   RO         3182    i._Z5Setupv         page_master.o
    0x08004cdc   0x08004cdc   0x0000009c   Code   RO         3242    i._Z5Setupv         page_level.o
    0x08004d78   0x08004d78   0x00000014   Code   RO         3301    i._Z5Setupv         page_about.o
    0x08004d8c   0x08004d8c   0x00000038   Code   RO         3362    i._Z5Setupv         page_game.o
    0x08004dc4   0x08004dc4   0x00000048   Code   RO            7    i._Z5setupv         main.o
    0x08004e0c   0x08004e0c   0x0000007a   Code   RO          956    i._Z6bitextP4JDECj  tjpgd.o
    0x08004e86   0x08004e86   0x00000002   PAD
    0x08004e88   0x08004e88   0x00000020   Code   RO         4567    i._Z6noToneh        tone.o
    0x08004ea8   0x08004ea8   0x000000a6   Code   RO          957    i._Z7huffextP4JDECPKhPKtS2_  tjpgd.o
    0x08004f4e   0x08004f4e   0x00000002   PAD
    0x08004f50   0x08004f50   0x00000170   Code   RO          958    i._Z8mcu_loadP4JDEC  tjpgd.o
    0x080050c0   0x080050c0   0x00000018   Code   RO         2903    i._Z9Draw_hookPKhiiii  display.o
    0x080050d8   0x080050d8   0x00000004   Code   RO         2904    i._Z9Load_hookPKhPv  display.o
    0x080050dc   0x080050dc   0x000001a0   Code   RO         2376    i._ZN10SD_Manager10SD_PowerONEv  sdfatfs.o
    0x0800527c   0x0800527c   0x00000090   Code   RO         2377    i._ZN10SD_Manager11SDEnWideBusEh  sdfatfs.o
    0x0800530c   0x0800530c   0x00000080   Code   RO         2380    i._ZN10SD_Manager11SD_ReadDiskEPhjh  sdfatfs.o
    0x0800538c   0x0800538c   0x00000224   Code   RO         2381    i._ZN10SD_Manager12SD_ReadBlockEPhxt  sdfatfs.o
    0x080055b0   0x080055b0   0x00000078   Code   RO         2382    i._ZN10SD_Manager12SD_WriteDiskEPhjh  sdfatfs.o
    0x08005628   0x08005628   0x00000058   Code   RO         2383    i._ZN10SD_Manager13CmdResp1ErrorEh  sdfatfs.o
    0x08005680   0x08005680   0x00000048   Code   RO         2384    i._ZN10SD_Manager13CmdResp2ErrorEv  sdfatfs.o
    0x080056c8   0x080056c8   0x00000030   Code   RO         2385    i._ZN10SD_Manager13CmdResp3ErrorEv  sdfatfs.o
    0x080056f8   0x080056f8   0x0000007c   Code   RO         2386    i._ZN10SD_Manager13CmdResp6ErrorEhPt  sdfatfs.o
    0x08005774   0x08005774   0x0000003c   Code   RO         2387    i._ZN10SD_Manager13CmdResp7ErrorEv  sdfatfs.o
    0x080057b0   0x080057b0   0x00000078   Code   RO         2388    i._ZN10SD_Manager13SD_DMA_ConfigEPjjj  sdfatfs.o
    0x08005828   0x08005828   0x000002f8   Code   RO         2390    i._ZN10SD_Manager13SD_WriteBlockEPhxt  sdfatfs.o
    0x08005b20   0x08005b20   0x00000014   Code   RO         2391    i._ZN10SD_Manager14SDIO_Clock_SetEh  sdfatfs.o
    0x08005b34   0x08005b34   0x00000282   Code   RO         2392    i._ZN10SD_Manager14SD_GetCardInfoEPNS_11SD_CardInfoE  sdfatfs.o
    0x08005db6   0x08005db6   0x00000002   PAD
    0x08005db8   0x08005db8   0x000000fc   Code   RO         2393    i._ZN10SD_Manager16SD_ProcessIRQSrcEv  sdfatfs.o
    0x08005eb4   0x08005eb4   0x00000014   Code   RO         2394    i._ZN10SD_Manager16SD_SetDeviceModeEj  sdfatfs.o
    0x08005ec8   0x08005ec8   0x00000080   Code   RO         2395    i._ZN10SD_Manager17IsCardProgrammingEPh  sdfatfs.o
    0x08005f48   0x08005f48   0x00000032   Code   RO         2396    i._ZN10SD_Manager17SD_SelectDeselectEj  sdfatfs.o
    0x08005f7a   0x08005f7a   0x00000002   PAD
    0x08005f7c   0x08005f7c   0x0000011c   Code   RO         2397    i._ZN10SD_Manager18SD_InitializeCardsEv  sdfatfs.o
    0x08006098   0x08006098   0x00000284   Code   RO         2398    i._ZN10SD_Manager18SD_ReadMultiBlocksEPhxtj  sdfatfs.o
    0x0800631c   0x0800631c   0x00000324   Code   RO         2399    i._ZN10SD_Manager19SD_WriteMultiBlocksEPhxtj  sdfatfs.o
    0x08006640   0x08006640   0x00000038   Code   RO         2400    i._ZN10SD_Manager20SDIO_Register_DeinitEv  sdfatfs.o
    0x08006678   0x08006678   0x0000004c   Code   RO         2401    i._ZN10SD_Manager25SD_EnableWideBusOperationEj  sdfatfs.o
    0x080066c4   0x080066c4   0x00000010   Code   RO         2402    i._ZN10SD_Manager34convert_from_bytes_to_power_of_twoEt  sdfatfs.o
    0x080066d4   0x080066d4   0x00000144   Code   RO         2403    i._ZN10SD_Manager7FindSCREtPj  sdfatfs.o
    0x08006818   0x08006818   0x00000118   Code   RO         2404    i._ZN10SD_Manager7SD_InitEv  sdfatfs.o
    0x08006930   0x08006930   0x0000002a   Code   RO         2405    i._ZN10SD_Manager8CmdErrorEv  sdfatfs.o
    0x0800695a   0x0800695a   0x0000001c   Code   RO         2406    i._ZN10SD_ManagerC1Ev  sdfatfs.o
    0x08006976   0x08006976   0x00000006   Code   RO          712    i._ZN10TonePlayer4PlayEv  toneplayer.o
    0x0800697c   0x0800697c   0x0000006c   Code   RO          714    i._ZN10TonePlayer6UpdateEj  toneplayer.o
    0x080069e8   0x080069e8   0x0000000e   Code   RO          715    i._ZN10TonePlayer8SetMusicEPKNS_11MusicNode_tEt  toneplayer.o
    0x080069f6   0x080069f6   0x0000000e   Code   RO          717    i._ZN10TonePlayerC1Ev  toneplayer.o
    0x08006a04   0x08006a04   0x00000004   Code   RO         1783    i._ZN11ButtonEvent11EventAttachEPFvPS_iE  buttonevent.o
    0x08006a08   0x08006a08   0x000000ee   Code   RO         1784    i._ZN11ButtonEvent12EventMonitorEb  buttonevent.o
    0x08006af6   0x08006af6   0x0000000c   Code   RO         1785    i._ZN11ButtonEvent12GetTickElapsEj  buttonevent.o
    0x08006b02   0x08006b02   0x0000002e   Code   RO         1786    i._ZN11ButtonEventC1Ettt  buttonevent.o
    0x08006b30   0x08006b30   0x00000040   Code   RO          534    i._ZN11PageManager12PageChangeToEh  pagemanager.o
    0x08006b70   0x08006b70   0x0000003a   Code   RO          535    i._ZN11PageManager12PageRegisterEhPFvvES1_S1_PFvPviE  pagemanager.o
    0x08006baa   0x08006baa   0x0000001c   Code   RO          536    i._ZN11PageManager14PageStackClearEv  pagemanager.o
    0x08006bc6   0x08006bc6   0x00000020   Code   RO          537    i._ZN11PageManager17PageEventTransmitEPvi  pagemanager.o
    0x08006be6   0x08006be6   0x00000028   Code   RO          538    i._ZN11PageManager7PagePopEv  pagemanager.o
    0x08006c0e   0x08006c0e   0x00000002   PAD
    0x08006c10   0x08006c10   0x0000007c   Code   RO          539    i._ZN11PageManager7RunningEv  pagemanager.o
    0x08006c8c   0x08006c8c   0x00000032   Code   RO          540    i._ZN11PageManager8PagePushEh  pagemanager.o
    0x08006cbe   0x08006cbe   0x00000038   Code   RO          541    i._ZN11PageManager9PageClearEh  pagemanager.o
    0x08006cf6   0x08006cf6   0x00000042   Code   RO          542    i._ZN11PageManagerC1Ehh  pagemanager.o
    0x08006d38   0x08006d38   0x00000014   Code   RO          543    i._ZN11PageManagerD1Ev  pagemanager.o
    0x08006d4c   0x08006d4c   0x00000152   Code   RO         1086    i._ZN12Adafruit_GFX10drawCircleEssst  adafruit_gfx.o
    0x08006e9e   0x08006e9e   0x00000002   Code   RO         1089    i._ZN12Adafruit_GFX10startWriteEv  adafruit_gfx.o
    0x08006ea0   0x08006ea0   0x0000000c   Code   RO         1090    i._ZN12Adafruit_GFX10writePixelEsst  adafruit_gfx.o
    0x08006eac   0x08006eac   0x00000008   Code   RO         1093    i._ZN12Adafruit_GFX11setTextSizeEh  adafruit_gfx.o
    0x08006eb4   0x08006eb4   0x00000006   Code   RO         1097    i._ZN12Adafruit_GFX12setTextColorEt  adafruit_gfx.o
    0x08006eba   0x08006eba   0x0000003c   Code   RO         1099    i._ZN12Adafruit_GFX13drawFastHLineEssst  adafruit_gfx.o
    0x08006ef6   0x08006ef6   0x0000003e   Code   RO         1100    i._ZN12Adafruit_GFX13drawFastVLineEssst  adafruit_gfx.o
    0x08006f34   0x08006f34   0x0000008a   Code   RO         1106    i._ZN12Adafruit_GFX13fillRoundRectEssssst  adafruit_gfx.o
    0x08006fbe   0x08006fbe   0x00000012   Code   RO         1110    i._ZN12Adafruit_GFX13writeFillRectEsssst  adafruit_gfx.o
    0x08006fd0   0x08006fd0   0x0000000e   Code   RO         1111    i._ZN12Adafruit_GFX14writeFastHLineEssst  adafruit_gfx.o
    0x08006fde   0x08006fde   0x0000000e   Code   RO         1112    i._ZN12Adafruit_GFX14writeFastVLineEssst  adafruit_gfx.o
    0x08006fec   0x08006fec   0x000000ea   Code   RO         1114    i._ZN12Adafruit_GFX16fillCircleHelperEssshst  adafruit_gfx.o
    0x080070d6   0x080070d6   0x000000fc   Code   RO         1120    i._ZN12Adafruit_GFX5writeEh  adafruit_gfx.o
    0x080071d2   0x080071d2   0x00000018   Code   RO         1121    i._ZN12Adafruit_GFX7setFontEPK7GFXfont  adafruit_gfx.o
    0x080071ea   0x080071ea   0x00000002   PAD
    0x080071ec   0x080071ec   0x00000224   Code   RO         1122    i._ZN12Adafruit_GFX8drawCharEsshtth  adafruit_gfx.o
    0x08007410   0x08007410   0x00000076   Code   RO         1124    i._ZN12Adafruit_GFX8drawRectEsssst  adafruit_gfx.o
    0x08007486   0x08007486   0x00000002   Code   RO         1125    i._ZN12Adafruit_GFX8endWriteEv  adafruit_gfx.o
    0x08007488   0x08007488   0x00000044   Code   RO         1126    i._ZN12Adafruit_GFX8fillRectEsssst  adafruit_gfx.o
    0x080074cc   0x080074cc   0x000000ac   Code   RO         1128    i._ZN12Adafruit_GFX9writeLineEsssst  adafruit_gfx.o
    0x08007578   0x08007578   0x00000034   Code   RO         1129    i._ZN12Adafruit_GFXC2Ess  adafruit_gfx.o
    0x080075ac   0x080075ac   0x00000054   Code   RO         3412    i._ZN13PTBox_Manager17Draw_Single_BlockEii  game_box.o
    0x08007600   0x08007600   0x00000088   Code   RO         3413    i._ZN13PTBox_Manager4LoadE10_Level_ID_  game_box.o
    0x08007688   0x08007688   0x00000138   Code   RO         3414    i._ZN13PTBox_Manager7RunningEv  game_box.o
    0x080077c0   0x080077c0   0x00000048   Code   RO         3716    i._ZN14HardwareSerial10IRQHandlerEv  hardwareserial.o
    0x08007808   0x08007808   0x00000006   Code   RO         3721    i._ZN14HardwareSerial5beginEj  hardwareserial.o
    0x0800780e   0x0800780e   0x0000000e   Code   RO         3722    i._ZN14HardwareSerial5beginEj13SERIAL_Config  hardwareserial.o
    0x0800781c   0x0800781c   0x00000134   Code   RO         3723    i._ZN14HardwareSerial5beginEj13SERIAL_Confighh  hardwareserial.o
    0x08007950   0x08007950   0x0000001e   Code   RO         3725    i._ZN14HardwareSerial5writeEh  hardwareserial.o
    0x0800796e   0x0800796e   0x00000002   PAD
    0x08007970   0x08007970   0x0000001c   Code   RO         3727    i._ZN14HardwareSerialC1EP13USART_TypeDef  hardwareserial.o
    0x0800798c   0x0800798c   0x00000080   Code   RO         1635    i._ZN15Adafruit_ST778910fillScreenEt  adafruit_st7789.o
    0x08007a0c   0x08007a0c   0x00000052   Code   RO         1636    i._ZN15Adafruit_ST778911setRotationEh  adafruit_st7789.o
    0x08007a5e   0x08007a5e   0x00000002   PAD
    0x08007a60   0x08007a60   0x00000044   Code   RO         1637    i._ZN15Adafruit_ST778911writeData16Et  adafruit_st7789.o
    0x08007aa4   0x08007aa4   0x00000030   Code   RO         1638    i._ZN15Adafruit_ST778912writeCommandEh  adafruit_st7789.o
    0x08007ad4   0x08007ad4   0x00000056   Code   RO         1639    i._ZN15Adafruit_ST778913drawFastHLineEssst  adafruit_st7789.o
    0x08007b2a   0x08007b2a   0x00000058   Code   RO         1640    i._ZN15Adafruit_ST778913drawFastVLineEssst  adafruit_st7789.o
    0x08007b82   0x08007b82   0x000000a0   Code   RO         1642    i._ZN15Adafruit_ST778913setAddrWindowEssss  adafruit_st7789.o
    0x08007c22   0x08007c22   0x00000002   PAD
    0x08007c24   0x08007c24   0x00000078   Code   RO         1643    i._ZN15Adafruit_ST778917drawFastRGBBitmapEssPtss  adafruit_st7789.o
    0x08007c9c   0x08007c9c   0x0000024c   Code   RO         1644    i._ZN15Adafruit_ST77895beginEv  adafruit_st7789.o
    0x08007ee8   0x08007ee8   0x0000002c   Code   RO         1645    i._ZN15Adafruit_ST77898spiWriteEh  adafruit_st7789.o
    0x08007f14   0x08007f14   0x00000038   Code   RO         1646    i._ZN15Adafruit_ST77899drawPixelEsst  adafruit_st7789.o
    0x08007f4c   0x08007f4c   0x0000002a   Code   RO         1647    i._ZN15Adafruit_ST77899setCursorEss  adafruit_st7789.o
    0x08007f76   0x08007f76   0x00000002   PAD
    0x08007f78   0x08007f78   0x00000030   Code   RO         1648    i._ZN15Adafruit_ST77899writeDataEh  adafruit_st7789.o
    0x08007fa8   0x08007fa8   0x00000048   Code   RO         1649    i._ZN15Adafruit_ST7789C1Ehhh  adafruit_st7789.o
    0x08007ff0   0x08007ff0   0x0000000a   Code   RO          346    i._ZN17MillisTaskManagerC1Eb  millistaskmanager.o
    0x08007ffa   0x08007ffa   0x00000016   Code   RO          347    i._ZN17MillisTaskManagerD1Ev  millistaskmanager.o
    0x08008010   0x08008010   0x00000010   Code   RO         2803    i._ZN3APP10Audio_InitEv  app_music.o
    0x08008020   0x08008020   0x00000038   Code   RO         2703    i._ZN3APP10File_WriteEPKcPvj  app_sdfatfs.o
    0x08008058   0x08008058   0x00000030   Code   RO         2704    i._ZN3APP11RamSendToSdEPKcPv  app_sdfatfs.o
    0x08008088   0x08008088   0x0000002a   Code   RO         2705    i._ZN3APP11SdSendToRamEPKcPv  app_sdfatfs.o
    0x080080b2   0x080080b2   0x00000002   PAD
    0x080080b4   0x080080b4   0x00000018   Code   RO         2804    i._ZN3APP12Audio_UpdateEv  app_music.o
    0x080080cc   0x080080cc   0x0000000c   Code   RO         2805    i._ZN3APP14Buzz_SetEnableEb  app_music.o
    0x080080d8   0x080080d8   0x00000054   Code   RO         2806    i._ZN3APP15Audio_PlayMusicEPKc  app_music.o
    0x0800812c   0x0800812c   0x00000024   Code   RO         2807    i._ZN3APP9Buzz_ToneEji  app_music.o
    0x08008150   0x08008150   0x00000008   Code   RO         2808    i._ZN3APP9Buzz_initEv  app_music.o
    0x08008158   0x08008158   0x00000038   Code   RO         2706    i._ZN3APP9File_ReadEPKcPhj  app_sdfatfs.o
    0x08008190   0x08008190   0x00000078   Code   RO         2652    i._ZN3HAL11Button_InitEv  button.o
    0x08008208   0x08008208   0x000000b8   Code   RO         2653    i._ZN3HAL11Button_ScanEv  button.o
    0x080082c0   0x080082c0   0x00000034   Code   RO         2407    i._ZN3HAL12SDfatfs_InitEv  sdfatfs.o
    0x080082f4   0x080082f4   0x00000006   Code   RO         3884    i._ZN5Print5printEPKc  print.o
    0x080082fa   0x080082fa   0x00000006   Code   RO         3887    i._ZN5Print5printEc  print.o
    0x08008300   0x08008300   0x00000020   Code   RO         3896    i._ZN5Print5writeEPKc  print.o
    0x08008320   0x08008320   0x00000028   Code   RO         3898    i._ZN5Print6printfEPKcz  print.o
    0x08008348   0x08008348   0x00000014   Code   RO         3900    i._ZN5Print7printlnEPKc  print.o
    0x0800835c   0x0800835c   0x00000018   Code   RO         3910    i._ZN5Print7printlnEv  print.o
    0x08008374   0x08008374   0x00000060   Code   RO         2905    i._ZN7Display12Adjust_lightEbat  display.o
    0x080083d4   0x080083d4   0x00000054   Code   RO         2906    i._ZN7Display12Display_InitEv  display.o
    0x08008428   0x08008428   0x0000000c   Code   RO         2907    i._ZN7Display7RunningEv  display.o
    0x08008434   0x08008434   0x00000018   Code   RO         4650    i._ZN7TwoWireC1Ehhh  wire.o
    0x0800844c   0x0800844c   0x00000014   Code   RO         4651    i._ZN7TwoWireD1Ev   wire.o
    0x08008460   0x08008460   0x0000007a   Code   RO         4141    i._ZN8SPIClass12SPI_SettingsEP11SPI_TypeDeftttttt  spi.o
    0x080084da   0x080084da   0x00000002   PAD
    0x080084dc   0x080084dc   0x0000013c   Code   RO         4154    i._ZN8SPIClass5beginEv  spi.o
    0x08008618   0x08008618   0x0000005c   Code   RO         4159    i._ZN8SPIClass8setClockEj  spi.o
    0x08008674   0x08008674   0x00000020   Code   RO         4162    i._ZNK8SPIClass8transferEh  spi.o
    0x08008694   0x08008694   0x00000008   Code   RO        11134    i._ZdaPv            cpprt_w.l(array_del.o)
    0x0800869c   0x0800869c   0x00000008   Code   RO        11141    i._ZdlPv            cpprt_w.l(delete.o)
    0x080086a4   0x080086a4   0x00000008   Code   RO        11137    i._Znaj             cpprt_w.l(array_new.o)
    0x080086ac   0x080086ac   0x00000028   Code   RO        11144    i._Znwj             cpprt_w.l(new.o)
    0x080086d4   0x080086d4   0x00000030   Code   RO        11684    i.__ARM_fpclassify  m_wm.l(fpclassify.o)
    0x08008704   0x08008704   0x00000006   Code   RO        11148    i.__cxa_pure_virtual  cpprt_w.l(pure_virt.o)
    0x0800870a   0x0800870a   0x00000002   PAD
    0x0800870c   0x0800870c   0x00000060   Code   RO         2654    i.__sti___10_Button_cpp_1974fa3d  button.o
    0x0800876c   0x0800876c   0x00000044   Code   RO         2908    i.__sti___11_Display_cpp_1af8a7d1  display.o
    0x080087b0   0x080087b0   0x0000000c   Code   RO         2408    i.__sti___11_Sdfatfs_cpp_SD_PATH  sdfatfs.o
    0x080087bc   0x080087bc   0x0000000c   Code   RO         2809    i.__sti___13_APP_Music_cpp_6a466ea6  app_music.o
    0x080087c8   0x080087c8   0x00000034   Code   RO         3728    i.__sti___18_HardwareSerial_cpp_cfa1b6a6  hardwareserial.o
    0x080087fc   0x080087fc   0x00000024   Code   RO         4163    i.__sti___7_SPI_cpp_ce5662b4  spi.o
    0x08008820   0x08008820   0x00000028   Code   RO         4652    i.__sti___8_Wire_cpp_928ee5ff  wire.o
    0x08008848   0x08008848   0x00000024   Code   RO            8    i.__sti___8_main_cpp_0040b0e8  main.o
    0x0800886c   0x0800886c   0x0000000e   Code   RO        11069    i._is_digit         c_w.l(__printf_wp.o)
    0x0800887a   0x0800887a   0x00000002   PAD
    0x0800887c   0x0800887c   0x000000ac   Code   RO          768    i.ai_draw_init      piclib.o
    0x08008928   0x08008928   0x00000048   Code   RO          769    i.ai_load_picfile   piclib.o
    0x08008970   0x08008970   0x00000020   Code   RO         3462    i.analogWrite       arduino.o
    0x08008990   0x08008990   0x0000005c   Code   RO         1928    i.check_fs          ff.o
    0x080089ec   0x080089ec   0x00000010   Code   RO         1929    i.chk_chr           ff.o
    0x080089fc   0x080089fc   0x00000024   Code   RO         1930    i.clmt_clust        ff.o
    0x08008a20   0x08008a20   0x00000018   Code   RO         1931    i.clust2sect        ff.o
    0x08008a38   0x08008a38   0x0000009e   Code   RO         1932    i.create_chain      ff.o
    0x08008ad6   0x08008ad6   0x00000002   PAD
    0x08008ad8   0x08008ad8   0x00000130   Code   RO         1933    i.create_name       ff.o
    0x08008c08   0x08008c08   0x00000014   Code   RO        10504    i.delay_ms          delay.o
    0x08008c1c   0x08008c1c   0x00000020   Code   RO         3464    i.digitalWrite      arduino.o
    0x08008c3c   0x08008c3c   0x00000042   Code   RO         1934    i.dir_alloc         ff.o
    0x08008c7e   0x08008c7e   0x000000e6   Code   RO         1935    i.dir_next          ff.o
    0x08008d64   0x08008d64   0x00000038   Code   RO         1937    i.dir_register      ff.o
    0x08008d9c   0x08008d9c   0x0000007e   Code   RO         1939    i.dir_sdi           ff.o
    0x08008e1a   0x08008e1a   0x00000002   PAD
    0x08008e1c   0x08008e1c   0x00000018   Code   RO         2253    i.disk_initialize   diskio.o
    0x08008e34   0x08008e34   0x00000044   Code   RO         2254    i.disk_ioctl        diskio.o
    0x08008e78   0x08008e78   0x00000034   Code   RO         2255    i.disk_read         diskio.o
    0x08008eac   0x08008eac   0x00000004   Code   RO         2256    i.disk_status       diskio.o
    0x08008eb0   0x08008eb0   0x00000034   Code   RO         2257    i.disk_write        diskio.o
    0x08008ee4   0x08008ee4   0x0000001c   Code   RO         1941    i.f_close           ff.o
    0x08008f00   0x08008f00   0x00000216   Code   RO         1946    i.f_lseek           ff.o
    0x08009116   0x08009116   0x00000002   PAD
    0x08009118   0x08009118   0x0000004c   Code   RO         1949    i.f_mount           ff.o
    0x08009164   0x08009164   0x0000013a   Code   RO         1950    i.f_open            ff.o
    0x0800929e   0x0800929e   0x00000152   Code   RO         1955    i.f_read            ff.o
    0x080093f0   0x080093f0   0x00000098   Code   RO         1960    i.f_sync            ff.o
    0x08009488   0x08009488   0x0000018a   Code   RO         1964    i.f_write           ff.o
    0x08009612   0x08009612   0x00000002   PAD
    0x08009614   0x08009614   0x00000238   Code   RO         1965    i.find_volume       ff.o
    0x0800984c   0x0800984c   0x000000aa   Code   RO         1966    i.follow_path       ff.o
    0x080098f6   0x080098f6   0x000000b6   Code   RO         1967    i.get_fat           ff.o
    0x080099ac   0x080099ac   0x00000004   Code   RO         2258    i.get_fattime       diskio.o
    0x080099b0   0x080099b0   0x0000003c   Code   RO         1969    i.get_ldnumber      ff.o
    0x080099ec   0x080099ec   0x00000024   Code   RO          770    i.is_element_ok     piclib.o
    0x08009a10   0x08009a10   0x000000f4   Code   RO          959    i.jd_decomp         tjpgd.o
    0x08009b04   0x08009b04   0x000002d8   Code   RO          960    i.jd_prepare        tjpgd.o
    0x08009ddc   0x08009ddc   0x000000bc   Code   RO          961    i.jpg_decode        tjpgd.o
    0x08009e98   0x08009e98   0x00000012   Code   RO         1970    i.ld_clust          ff.o
    0x08009eaa   0x08009eaa   0x00000002   PAD
    0x08009eac   0x08009eac   0x00000028   Code   RO            9    i.main              main.o
    0x08009ed4   0x08009ed4   0x00000012   Code   RO         1971    i.mem_cpy           ff.o
    0x08009ee6   0x08009ee6   0x0000000e   Code   RO         1972    i.mem_set           ff.o
    0x08009ef4   0x08009ef4   0x0000000c   Code   RO        10507    i.millis            delay.o
    0x08009f00   0x08009f00   0x0000002e   Code   RO         1973    i.move_window       ff.o
    0x08009f2e   0x08009f2e   0x00000002   PAD
    0x08009f30   0x08009f30   0x0000004c   Code   RO          774    i.piclib_init       piclib.o
    0x08009f7c   0x08009f7c   0x00000058   Code   RO         3467    i.pinMode           arduino.o
    0x08009fd4   0x08009fd4   0x000000fa   Code   RO         1974    i.put_fat           ff.o
    0x0800a0ce   0x0800a0ce   0x00000002   PAD
    0x0800a0d0   0x0800a0d0   0x00000038   Code   RO        10759    i.pwmWrite          pwm.o
    0x0800a108   0x0800a108   0x00000062   Code   RO         1976    i.remove_chain      ff.o
    0x0800a16a   0x0800a16a   0x00000010   Code   RO         1977    i.st_clust          ff.o
    0x0800a17a   0x0800a17a   0x000000b0   Code   RO         1978    i.sync_fs           ff.o
    0x0800a22a   0x0800a22a   0x00000050   Code   RO         1979    i.sync_window       ff.o
    0x0800a27a   0x0800a27a   0x00000026   Code   RO         1980    i.validate          ff.o
    0x0800a2a0   0x0800a2a0   0x0000002c   Code   RO        11439    locale$$code        c_w.l(lc_ctype_c.o)
    0x0800a2cc   0x0800a2cc   0x0000002c   Code   RO        11618    locale$$code        c_w.l(lc_numeric_c.o)
    0x0800a2f8   0x0800a2f8   0x0000000a   Code   RO        11678    x$fpl$fpinit        fz_wm.l(fpinit.o)
    0x0800a302   0x0800a302   0x00000004   Code   RO        11297    x$fpl$printf1       fz_wm.l(printf1.o)
    0x0800a306   0x0800a306   0x00000000   Code   RO        11541    x$fpl$usenofp       fz_wm.l(usenofp.o)
    0x0800a306   0x0800a306   0x000004c0   Data   RO          978    .constdata          tjpgd.o
    0x0800a7c6   0x0800a7c6   0x00000500   Data   RO         1223    .constdata          adafruit_gfx.o
    0x0800acc6   0x0800acc6   0x00000012   Data   RO         2819    .constdata          app_music.o
    0x0800acd8   0x0800acd8   0x00000012   Data   RO         2820    .constdata          app_music.o
    0x0800acea   0x0800acea   0x00000012   Data   RO         2821    .constdata          app_music.o
    0x0800acfc   0x0800acfc   0x00000012   Data   RO         2822    .constdata          app_music.o
    0x0800ad0e   0x0800ad0e   0x00000012   Data   RO         2823    .constdata          app_music.o
    0x0800ad20   0x0800ad20   0x00000012   Data   RO         2824    .constdata          app_music.o
    0x0800ad32   0x0800ad32   0x0000000c   Data   RO         2825    .constdata          app_music.o
    0x0800ad3e   0x0800ad3e   0x00000006   Data   RO         2826    .constdata          app_music.o
    0x0800ad44   0x0800ad44   0x0000000c   Data   RO         2827    .constdata          app_music.o
    0x0800ad50   0x0800ad50   0x00000018   Data   RO         2828    .constdata          app_music.o
    0x0800ad68   0x0800ad68   0x00000012   Data   RO         2829    .constdata          app_music.o
    0x0800ad7a   0x0800ad7a   0x0000001e   Data   RO         2830    .constdata          app_music.o
    0x0800ad98   0x0800ad98   0x00000090   Data   RO         2831    .constdata          app_music.o
    0x0800ae28   0x0800ae28   0x000003e8   Data   RO         3307    .constdata          page_about.o
    0x0800b210   0x0800b210   0x000002f8   Data   RO         3308    .constdata          page_about.o
    0x0800b508   0x0800b508   0x00000018   Data   RO         3309    .constdata          page_about.o
    0x0800b520   0x0800b520   0x0000034c   Data   RO         3310    .constdata          page_about.o
    0x0800b86c   0x0800b86c   0x000002f8   Data   RO         3311    .constdata          page_about.o
    0x0800bb64   0x0800bb64   0x00000088   Data   RO         3418    .constdata          game_box.o
    0x0800bbec   0x0800bbec   0x00000b00   Data   RO        10712    .constdata          gpio.o
    0x0800c6ec   0x0800c6ec   0x00000011   Data   RO        11077    .constdata          c_w.l(__printf_flags_ss_wp.o)
    0x0800c6fd   0x0800c6fd   0x00000003   PAD
    0x0800c700   0x0800c700   0x00000008   Data   RO        11385    .constdata          c_w.l(_printf_wctomb.o)
    0x0800c708   0x0800c708   0x00000028   Data   RO        11414    .constdata          c_w.l(_printf_hex_int_ll_ptr.o)
    0x0800c730   0x0800c730   0x00000094   Data   RO        11591    .constdata          c_w.l(bigflt0.o)
    0x0800c7c4   0x0800c7c4   0x00000054   Data   RO         1587    .constdata__ZTV12Adafruit_GFX  adafruit_gfx.o
    0x0800c818   0x0800c818   0x00000024   Data   RO         3826    .constdata__ZTV14HardwareSerial  hardwareserial.o
    0x0800c83c   0x0800c83c   0x00000068   Data   RO         1752    .constdata__ZTV15Adafruit_ST7789  adafruit_st7789.o
    0x0800c8a4   0x0800c8a4   0x00000010   Data   RO         4737    .constdata__ZTV7TwoWire  wire.o
    0x0800c8b4   0x0800c8b4   0x00000003   Data   RO         2445    .conststring        sdfatfs.o
    0x0800c8b7   0x0800c8b7   0x00000001   PAD
    0x0800c8b8   0x0800c8b8   0x0000009a   Data   RO         2832    .conststring        app_music.o
    0x0800c952   0x0800c952   0x00000002   PAD
    0x0800c954   0x0800c954   0x000000cf   Data   RO         3419    .conststring        game_box.o
    0x0800ca23   0x0800ca23   0x00000001   PAD
    0x0800ca24   0x0800ca24   0x00000020   Data   RO        11852    Region$$Table       anon$$obj.o
    0x0800ca44   0x0800ca44   0x00000110   Data   RO        11438    locale$$data        c_w.l(lc_ctype_c.o)
    0x0800cb54   0x0800cb54   0x0000001c   Data   RO        11617    locale$$data        c_w.l(lc_numeric_c.o)
    0x0800cb70   0x0800cb70   0x00000004   Data   RO           17    .init_array         main.o
    0x0800cb74   0x0800cb70   0x00000004   Data   RO         2447    .init_array         sdfatfs.o
    0x0800cb78   0x0800cb70   0x00000004   Data   RO         2660    .init_array         button.o
    0x0800cb7c   0x0800cb70   0x00000004   Data   RO         2834    .init_array         app_music.o
    0x0800cb80   0x0800cb70   0x00000004   Data   RO         2918    .init_array         display.o
    0x0800cb84   0x0800cb70   0x00000004   Data   RO         3746    .init_array         hardwareserial.o
    0x0800cb88   0x0800cb70   0x00000004   Data   RO         4192    .init_array         spi.o
    0x0800cb8c   0x0800cb70   0x00000004   Data   RO         4668    .init_array         wire.o
    0x0800cb90   0x0800cb70   0x00000000   Data   RO        11129    .init_array         c_w.l(init_aeabi.o)


    Execution Region RW_IRAM1 (Exec base: 0x20000000, Load base: 0x0800cb90, Size: 0x000026c0, Max: 0x00020000, ABSOLUTE)

    Exec Addr    Load Addr    Size         Type   Attr      Idx    E Section Name        Object

    0x20000000   0x0800cb90   0x00000008   Data   RW          979    .data               tjpgd.o
    0x20000008   0x0800cb98   0x00000002   Data   RW         1983    .data               ff.o
    0x2000000a   0x0800cb9a   0x00000002   PAD
    0x2000000c   0x0800cb9c   0x0000000c   Data   RW         2446    .data               sdfatfs.o
    0x20000018   0x0800cba8   0x00000008   Data   RW         2711    .data               app_sdfatfs.o
    0x20000020   0x0800cbb0   0x00000001   Data   RW         2833    .data               app_music.o
    0x20000021   0x0800cbb1   0x00000002   Data   RW         2916    .data               display.o
    0x20000023   0x0800cbb3   0x00000001   Data   RW         2917    .data               display.o
    0x20000024   0x0800cbb4   0x00000001   Data   RW         3189    .data               page_master.o
    0x20000025   0x0800cbb5   0x00000002   Data   RW         3249    .data               page_level.o
    0x20000027   0x0800cbb7   0x00000001   Data   RW         3312    .data               page_about.o
    0x20000028   0x0800cbb8   0x00000002   Data   RW         3368    .data               page_game.o
    0x2000002a   0x0800cbba   0x00000002   PAD
    0x2000002c   0x0800cbbc   0x00000010   Data   RW         4577    .data               tone.o
    0x2000003c   0x0800cbcc   0x00000010   Data   RW         8253    .data               stm32f4xx_rcc.o
    0x2000004c   0x0800cbdc   0x00000014   Data   RW        10399    .data               system_stm32f4xx.o
    0x20000060   0x0800cbf0   0x00000002   Data   RW        10445    .data               adc.o
    0x20000062   0x0800cbf2   0x00000002   PAD
    0x20000064   0x0800cbf4   0x00000004   Data   RW        10508    .data               delay.o
    0x20000068        -       0x0000000c   Zero   RW           16    .bss                main.o
    0x20000074        -       0x0000003c   Zero   RW          787    .bss                piclib.o
    0x200000b0        -       0x00000228   Zero   RW          975    .bss                tjpgd.o
    0x200002d8        -       0x0000007c   Zero   RW          976    .bss                tjpgd.o
    0x20000354        -       0x00001000   Zero   RW          977    .bss                tjpgd.o
    0x20001354        -       0x0000000c   Zero   RW         1981    .bss                ff.o
    0x20001360        -       0x000004f8   Zero   RW         2443    .bss                sdfatfs.o
    0x20001858        -       0x00000228   Zero   RW         2444    .bss                sdfatfs.o
    0x20001a80        -       0x000000c0   Zero   RW         2659    .bss                button.o
    0x20001b40        -       0x00000014   Zero   RW         2818    .bss                app_music.o
    0x20001b54        -       0x000000c8   Zero   RW         2915    .bss                display.o
    0x20001c1c        -       0x000001d4   Zero   RW         3745    .bss                hardwareserial.o
    0x20001df0        -       0x00000054   Zero   RW         4191    .bss                spi.o
    0x20001e44        -       0x00000058   Zero   RW         4667    .bss                wire.o
    0x20001e9c        -       0x00000048   Zero   RW        10444    .bss                adc.o
    0x20001ee4        -       0x00000040   Zero   RW        10580    .bss                exti.o
    0x20001f24        -       0x00000038   Zero   RW        10872    .bss                timer.o
    0x20001f5c        -       0x00000060   Zero   RW        11545    .bss                c_w.l(libspace.o)
    0x20001fbc   0x0800cbf8   0x00000004   PAD
    0x20001fc0        -       0x00000300   Zero   RW        10387    HEAP                startup_stm32f40_41xxx.o
    0x200022c0        -       0x00000400   Zero   RW        10386    STACK               startup_stm32f40_41xxx.o


==============================================================================

Image component sizes


      Code (inc. data)   RO Data    RW Data    ZI Data      Debug   Object Name

      2142          8       1364          0          0      26252   adafruit_gfx.o
      1630         36        104          0          0      18864   adafruit_st7789.o
       212         20          0          2         72       2227   adc.o
       200         40        512          1         20       8496   app_music.o
       202         26          0          8          0       7636   app_sdfatfs.o
       152         16          0          0          0     325025   arduino.o
       416         28          4          0        192       1922   button.o
       300          0          0          0          0       6772   buttonevent.o
       148         22          0          4          0      29466   delay.o
       204         18          0          0          0       6276   diskio.o
       288         34          4          3        200      16202   display.o
       464         28          0          0         64       5431   exti.o
      4678         42          0          2         12      35158   ff.o
       532         10        343          0          0       4580   game_box.o
       286         48       2816          0          0       5460   gpio.o
       546         64         40          0        468      12053   hardwareserial.o
       162         38          4          0         12     301269   main.o
        32          0          0          0          0       3588   millistaskmanager.o
       120         14          0          0          0       1855   misc.o
       860        246       3388          1          0       3777   page_about.o
       344         80          0          0          0       4764   page_displate.o
       748        210          0          2          0       4540   page_game.o
       644        114          0          2          0       5345   page_level.o
       508        150          0          1          0       4902   page_master.o
       538         42          0          0          0       9992   pagemanager.o
       468         62          0          0         60      13891   piclib.o
       128          0          0          0          0      17488   print.o
       836        136          0          0          0       4626   pwm.o
      6378        186          7         12       1824      43130   sdfatfs.o
       598         40          4          0         84       7586   spi.o
        64         26        392          0       1792        880   startup_stm32f40_41xxx.o
       430         24          0          0          0       5084   stm32f4xx_dma.o
        32         10          0          0          0       1288   stm32f4xx_exti.o
       194          0          0          0          0       2115   stm32f4xx_gpio.o
       264         42          0         16          0       6601   stm32f4xx_rcc.o
       192         36          0          0          0       6401   stm32f4xx_sdio.o
        76          0          0          0          0       2097   stm32f4xx_spi.o
      1072        112          0          0          0      14525   stm32f4xx_tim.o
       344          8          0          0          0       6847   stm32f4xx_usart.o
       392         50          0         20          0       2881   system_stm32f4xx.o
      1488        306          0          0         56      10016   timer.o
      3592         94       1216          8       4772      17795   tjpgd.o
       316         40          0         16          0       4039   tone.o
       142          0          0          0          0       4464   toneplayer.o
        84         22         20          0         88       5270   wire.o

    ----------------------------------------------------------------------
     33492       2528      10254        104       9716    1028876   Object Totals
         0          0         32          0          0          0   (incl. Generated)
        46          0          4          6          0          0   (incl. Padding)

    ----------------------------------------------------------------------

      Code (inc. data)   RO Data    RW Data    ZI Data      Debug   Library Member Name

        44          6          0          0          0         84   __2sprintf.o
         8          0          0          0          0         68   __main.o
       392          4         17          0          0         92   __printf_flags_ss_wp.o
        14          0          0          0          0         68   __printf_wp.o
         0          0          0          0          0          0   __rtentry.o
        12          0          0          0          0          0   __rtentry2.o
         6          0          0          0          0          0   __rtentry4.o
        52          8          0          0          0          0   __scatter.o
        26          0          0          0          0          0   __scatter_copy.o
        28          0          0          0          0          0   __scatter_zi.o
         6          0          0          0          0          0   _printf_a.o
         6          0          0          0          0          0   _printf_c.o
        44          0          0          0          0        108   _printf_char.o
        48          6          0          0          0         96   _printf_char_common.o
        40          0          0          0          0         68   _printf_charcount.o
         6          0          0          0          0          0   _printf_d.o
       120         16          0          0          0         92   _printf_dec.o
         6          0          0          0          0          0   _printf_e.o
         6          0          0          0          0          0   _printf_f.o
      1054          0          0          0          0        216   _printf_fp_dec.o
       128         16          0          0          0         84   _printf_fp_infnan.o
         6          0          0          0          0          0   _printf_g.o
       148          4         40          0          0        160   _printf_hex_int_ll_ptr.o
         6          0          0          0          0          0   _printf_i.o
       178          0          0          0          0         88   _printf_intcommon.o
        10          0          0          0          0          0   _printf_l.o
         6          0          0          0          0          0   _printf_lc.o
        10          0          0          0          0          0   _printf_ll.o
         6          0          0          0          0          0   _printf_lld.o
         6          0          0          0          0          0   _printf_lli.o
         6          0          0          0          0          0   _printf_llo.o
         6          0          0          0          0          0   _printf_llu.o
         6          0          0          0          0          0   _printf_llx.o
       124         16          0          0          0         92   _printf_longlong_dec.o
         6          0          0          0          0          0   _printf_ls.o
         6          0          0          0          0          0   _printf_n.o
         6          0          0          0          0          0   _printf_o.o
       112         10          0          0          0        124   _printf_oct_int_ll.o
         6          0          0          0          0          0   _printf_p.o
        78          0          0          0          0        108   _printf_pad.o
         0          0          0          0          0          0   _printf_percent.o
         4          0          0          0          0          0   _printf_percent_end.o
         6          0          0          0          0          0   _printf_s.o
        82          0          0          0          0         80   _printf_str.o
        36          0          0          0          0         84   _printf_truncate.o
         6          0          0          0          0          0   _printf_u.o
        44          0          0          0          0        108   _printf_wchar.o
       188          6          8          0          0         92   _printf_wctomb.o
         6          0          0          0          0          0   _printf_x.o
        16          0          0          0          0         68   _snputc.o
        10          0          0          0          0         68   _sputc.o
        64          0          0          0          0         92   _wcrtomb.o
        22          0          0          0          0         80   abort.o
        46          0          0          0          0         84   aeabi_atexit.o
       228          4        148          0          0         96   bigflt0.o
      1936        128          0          0          0        672   btod.o
        52          4          0          0          0         80   c89vsnprintf.o
        66          0          0          0          0         84   cxa_finalize.o
        48         34          0          0          0         76   defsig_abrt_inner.o
        14          0          0          0          0         80   defsig_abrt_outer.o
        10          0          0          0          0         68   defsig_exit.o
        50          0          0          0          0         88   defsig_general.o
        48         34          0          0          0         76   defsig_pvfn_inner.o
        14          0          0          0          0         80   defsig_pvfn_outer.o
        80         58          0          0          0         76   defsig_rtmem_inner.o
        14          0          0          0          0         80   defsig_rtmem_outer.o
        18          0          0          0          0         80   exit.o
        94          0          0          0          0         80   h1_alloc.o
        52          0          0          0          0         68   h1_extend.o
        78          0          0          0          0         80   h1_free.o
        14          0          0          0          0         84   h1_init.o
         6          0          0          0          0        152   heapauxi.o
         4          0          0          0          0        136   hguard.o
         0          0          0          0          0          0   indicate_semi.o
        36         10          0          0          0         80   init_aeabi.o
       138          0          0          0          0        168   init_alloc.o
        44         10        272          0          0         76   lc_ctype_c.o
        44         10         28          0          0         76   lc_numeric_c.o
         2          0          0          0          0          0   libinit.o
        46          0          0          0          0          0   libinit2.o
         2          0          0          0          0          0   libshutdown.o
         8          0          0          0          0          0   libshutdown2.o
         8          4          0          0         96         68   libspace.o
        72          0          0          0          0         76   llsdiv.o
       138          0          0          0          0         80   lludiv10.o
       238          0          0          0          0        100   lludivv7m.o
         0          0          0          0          0          0   maybetermalloc1.o
        16          4          0          0          0         76   rt_ctype_table.o
         8          4          0          0          0         68   rt_ddtor_pointer_addr_intlibspace.o
         8          4          0          0          0         68   rt_eh_globals_addr_intlibspace.o
         8          4          0          0          0         68   rt_heap_descriptor_intlibspace.o
         8          4          0          0          0         68   rt_locale_intlibspace.o
        78          0          0          0          0         80   rt_memclr_w.o
       138          0          0          0          0         68   rt_memcpy_v6.o
       100          0          0          0          0         80   rt_memcpy_w.o
         8          4          0          0          0         68   rt_new_handler_addr_intlibspace.o
         2          0          0          0          0          0   rtexit.o
        10          0          0          0          0          0   rtexit2.o
       128          0          0          0          0         68   strcmpv7m.o
        12          4          0          0          0         68   sys_exit.o
        74          0          0          0          0         80   sys_stackheap_outer.o
        14          0          0          0          0         76   sys_wrch.o
         2          0          0          0          0         68   use_no_semi.o
        80         12          0          0          0        104   arm_exceptions_globs.o
        60          0          0          0          0        108   arm_exceptions_mem.o
        26          0          0          0          0         76   arm_exceptions_terminate.o
         4          0          0          0          0         68   arm_newhandler_noexceptions.o
         8          0          0          0          0         76   array_del.o
         8          0          0          0          0         76   array_new.o
         8          0          0          0          0         76   delete.o
        40          6          0          0          0         76   new.o
         6          0          0          0          0         68   pure_virt.o
        10          0          0          0          0        116   fpinit.o
         4          0          0          0          0        116   printf1.o
         0          0          0          0          0          0   usenofp.o
        48          0          0          0          0        124   fpclassify.o

    ----------------------------------------------------------------------
      7850        434        516          0        100       7352   Library Totals
        24          0          3          0          4          0   (incl. Padding)

    ----------------------------------------------------------------------

      Code (inc. data)   RO Data    RW Data    ZI Data      Debug   Library Name

      7524        416        513          0         96       6268   c_w.l
       240         18          0          0          0        728   cpprt_w.l
        14          0          0          0          0        232   fz_wm.l
        48          0          0          0          0        124   m_wm.l

    ----------------------------------------------------------------------
      7850        434        516          0        100       7352   Library Totals

    ----------------------------------------------------------------------

==============================================================================


      Code (inc. data)   RO Data    RW Data    ZI Data      Debug   

     41342       2962      10770        104       9816    1000620   Grand Totals
     41342       2962      10770        104       9816    1000620   ELF Image Totals
     41342       2962      10770        104          0          0   ROM Totals

==============================================================================

    Total RO  Size (Code + RO Data)                52112 (  50.89kB)
    Total RW  Size (RW Data + ZI Data)              9920 (   9.69kB)
    Total ROM Size (Code + RO Data + RW Data)      52216 (  50.99kB)

==============================================================================

